Vivado Simulator v2023.2
Copyright 1986-2022 Xilinx, Inc. All Rights Reserved.
Copyright 2022-2023 Advanced Micro Devices, Inc. All Rights Reserved.
Running: D:/Software/Vivado/2023.2/bin/unwrapped/win64.o/xelab.exe --incr --debug typical --relax --mt 2 -L xil_defaultlib -L unisims_ver -L unimacro_ver -L secureip --snapshot clock_tb_behav xil_defaultlib.clock_tb xil_defaultlib.glbl -log elaborate.log 
Using 2 slave threads.
Starting static elaboration
Pass Through NonSizing Optimizer
Completed static elaboration
Starting simulation data flow analysis
Completed simulation data flow analysis
Time Resolution for simulation is 1ps
Compiling module xil_defaultlib.clk_div(CLOCKS_PER_SECOND=10)
Compiling module xil_defaultlib.key_driver(DEBOUNCE_CYCLES=2)
Compiling module xil_defaultlib.time_counter
Compiling module xil_defaultlib.date_counter
Compiling module xil_defaultlib.alarm
Compiling module xil_defaultlib.countdown
Compiling module xil_defaultlib.control_unit
Compiling module xil_defaultlib.digital_tube(REFRESH_DIV=2,BLINK...
Compiling module xil_defaultlib.led(HALF_PERIOD_CYCLES=2)
Compiling module xil_defaultlib.clock_top(CLOCKS_PER_SECOND=10,D...
Compiling module xil_defaultlib.clock_tb
Compiling module xil_defaultlib.glbl
Built simulation snapshot clock_tb_behav
