#-----------------------------------------------------------
# Vivado v2023.2 (64-bit)
# SW Build 4029153 on Fri Oct 13 20:14:34 MDT 2023
# IP Build 4028589 on Sat Oct 14 00:45:43 MDT 2023
# SharedData Build 4025554 on Tue Oct 10 17:18:54 MDT 2023
# Start of session at: Mon Sep  7 16:32:56 2026
# Process ID: 11972
# Current directory: D:/UniFile/Grade3/26_27_1/ShuZiXiTongKeShe/Course_Project/Vivado_Project_File/clock
# Command line: vivado.exe -mode batch -source build_bitstream.tcl
# Log file: D:/UniFile/Grade3/26_27_1/ShuZiXiTongKeShe/Course_Project/Vivado_Project_File/clock/vivado.log
# Journal file: D:/UniFile/Grade3/26_27_1/ShuZiXiTongKeShe/Course_Project/Vivado_Project_File/clock\vivado.jou
# Running On: shdbgf, OS: Windows, CPU Frequency: 2419 MHz, CPU Physical cores: 16, Host memory: 16873 MB
#-----------------------------------------------------------
CRITICAL WARNING: [Common 17-741] No write access right to the local Tcl store at 'C'. XilinxTclStore is reverted to the installation area. If you want to use local Tcl Store, please change the access right and relaunch Vivado.
source build_bitstream.tcl
# create_project -force clock_batch batch_build -part xc7a75tfgg484-2
INFO: [ProjectBase 1-489] The host OS only allows 260 characters in a normal path. The project is stored in a path with more than 80 characters. If you experience issues with IP, Block Designs, or files not being found, please consider moving the project to a location with a shorter path. Alternately consider using the OS subst command to map part of the path to a drive letter.
Current project path is 'D:/UniFile/Grade3/26_27_1/ShuZiXiTongKeShe/Course_Project/Vivado_Project_File/clock/batch_build'
create_project: Time (s): cpu = 00:00:02 ; elapsed = 00:00:06 . Memory (MB): peak = 465.676 ; gain = 184.449
# read_verilog clock.srcs/sources_1/new/clk_div.v
# read_verilog clock.srcs/sources_1/new/time.v
# read_verilog clock.srcs/sources_1/new/date.v
# read_verilog clock.srcs/sources_1/new/alarm.v
# read_verilog clock.srcs/sources_1/new/countdown.v
# read_verilog clock.srcs/sources_1/new/led.v
# read_verilog clock.srcs/sources_1/new/key_driver.v
# read_verilog clock.srcs/sources_1/new/control_unit.v
# read_verilog clock.srcs/sources_1/new/digital_tube.v
# read_verilog clock.srcs/sources_1/new/clock_top.v
# synth_design -top clock_top -part xc7a75tfgg484-2
Command: synth_design -top clock_top -part xc7a75tfgg484-2
Starting synth_design
Attempting to get a license for feature 'Synthesis' and/or device 'xc7a75t'
INFO: [Common 17-349] Got license for feature 'Synthesis' and/or device 'xc7a75t'
INFO: [Synth 8-7079] Multithreading enabled for synth_design using a maximum of 2 processes.
INFO: [Synth 8-7078] Launching helper process for spawning children vivado processes
INFO: [Synth 8-7075] Helper process launched with PID 4492
---------------------------------------------------------------------------------
Starting Synthesize : Time (s): cpu = 00:00:01 ; elapsed = 00:00:03 . Memory (MB): peak = 915.844 ; gain = 444.215
---------------------------------------------------------------------------------
INFO: [Synth 8-6157] synthesizing module 'clock_top' [D:/UniFile/Grade3/26_27_1/ShuZiXiTongKeShe/Course_Project/Vivado_Project_File/clock/clock.srcs/sources_1/new/clock_top.v:5]
INFO: [Synth 8-6157] synthesizing module 'clk_div' [D:/UniFile/Grade3/26_27_1/ShuZiXiTongKeShe/Course_Project/Vivado_Project_File/clock/clock.srcs/sources_1/new/clk_div.v:4]
	Parameter CLOCKS_PER_SECOND bound to: 50000000 - type: integer 
INFO: [Synth 8-6155] done synthesizing module 'clk_div' (0#1) [D:/UniFile/Grade3/26_27_1/ShuZiXiTongKeShe/Course_Project/Vivado_Project_File/clock/clock.srcs/sources_1/new/clk_div.v:4]
INFO: [Synth 8-6157] synthesizing module 'key_driver' [D:/UniFile/Grade3/26_27_1/ShuZiXiTongKeShe/Course_Project/Vivado_Project_File/clock/clock.srcs/sources_1/new/key_driver.v:3]
	Parameter DEBOUNCE_CYCLES bound to: 500000 - type: integer 
INFO: [Synth 8-6155] done synthesizing module 'key_driver' (0#1) [D:/UniFile/Grade3/26_27_1/ShuZiXiTongKeShe/Course_Project/Vivado_Project_File/clock/clock.srcs/sources_1/new/key_driver.v:3]
INFO: [Synth 8-6157] synthesizing module 'time_counter' [D:/UniFile/Grade3/26_27_1/ShuZiXiTongKeShe/Course_Project/Vivado_Project_File/clock/clock.srcs/sources_1/new/time.v:4]
INFO: [Synth 8-6155] done synthesizing module 'time_counter' (0#1) [D:/UniFile/Grade3/26_27_1/ShuZiXiTongKeShe/Course_Project/Vivado_Project_File/clock/clock.srcs/sources_1/new/time.v:4]
INFO: [Synth 8-6157] synthesizing module 'date_counter' [D:/UniFile/Grade3/26_27_1/ShuZiXiTongKeShe/Course_Project/Vivado_Project_File/clock/clock.srcs/sources_1/new/date.v:4]
INFO: [Synth 8-6155] done synthesizing module 'date_counter' (0#1) [D:/UniFile/Grade3/26_27_1/ShuZiXiTongKeShe/Course_Project/Vivado_Project_File/clock/clock.srcs/sources_1/new/date.v:4]
INFO: [Synth 8-6157] synthesizing module 'alarm' [D:/UniFile/Grade3/26_27_1/ShuZiXiTongKeShe/Course_Project/Vivado_Project_File/clock/clock.srcs/sources_1/new/alarm.v:6]
INFO: [Synth 8-6155] done synthesizing module 'alarm' (0#1) [D:/UniFile/Grade3/26_27_1/ShuZiXiTongKeShe/Course_Project/Vivado_Project_File/clock/clock.srcs/sources_1/new/alarm.v:6]
INFO: [Synth 8-6157] synthesizing module 'countdown' [D:/UniFile/Grade3/26_27_1/ShuZiXiTongKeShe/Course_Project/Vivado_Project_File/clock/clock.srcs/sources_1/new/countdown.v:2]
INFO: [Synth 8-6155] done synthesizing module 'countdown' (0#1) [D:/UniFile/Grade3/26_27_1/ShuZiXiTongKeShe/Course_Project/Vivado_Project_File/clock/clock.srcs/sources_1/new/countdown.v:2]
INFO: [Synth 8-6157] synthesizing module 'control_unit' [D:/UniFile/Grade3/26_27_1/ShuZiXiTongKeShe/Course_Project/Vivado_Project_File/clock/clock.srcs/sources_1/new/control_unit.v:9]
INFO: [Synth 8-226] default block is never used [D:/UniFile/Grade3/26_27_1/ShuZiXiTongKeShe/Course_Project/Vivado_Project_File/clock/clock.srcs/sources_1/new/control_unit.v:114]
INFO: [Synth 8-6155] done synthesizing module 'control_unit' (0#1) [D:/UniFile/Grade3/26_27_1/ShuZiXiTongKeShe/Course_Project/Vivado_Project_File/clock/clock.srcs/sources_1/new/control_unit.v:9]
INFO: [Synth 8-6157] synthesizing module 'digital_tube' [D:/UniFile/Grade3/26_27_1/ShuZiXiTongKeShe/Course_Project/Vivado_Project_File/clock/clock.srcs/sources_1/new/digital_tube.v:5]
	Parameter REFRESH_DIV bound to: 5000 - type: integer 
	Parameter BLINK_DIV bound to: 25000000 - type: integer 
	Parameter BLANK_CYCLES bound to: 50 - type: integer 
INFO: [Synth 8-6155] done synthesizing module 'digital_tube' (0#1) [D:/UniFile/Grade3/26_27_1/ShuZiXiTongKeShe/Course_Project/Vivado_Project_File/clock/clock.srcs/sources_1/new/digital_tube.v:5]
INFO: [Synth 8-6157] synthesizing module 'led' [D:/UniFile/Grade3/26_27_1/ShuZiXiTongKeShe/Course_Project/Vivado_Project_File/clock/clock.srcs/sources_1/new/led.v:3]
	Parameter HALF_PERIOD_CYCLES bound to: 25000000 - type: integer 
INFO: [Synth 8-6155] done synthesizing module 'led' (0#1) [D:/UniFile/Grade3/26_27_1/ShuZiXiTongKeShe/Course_Project/Vivado_Project_File/clock/clock.srcs/sources_1/new/led.v:3]
INFO: [Synth 8-6155] done synthesizing module 'clock_top' (0#1) [D:/UniFile/Grade3/26_27_1/ShuZiXiTongKeShe/Course_Project/Vivado_Project_File/clock/clock.srcs/sources_1/new/clock_top.v:5]
---------------------------------------------------------------------------------
Finished Synthesize : Time (s): cpu = 00:00:02 ; elapsed = 00:00:05 . Memory (MB): peak = 1032.883 ; gain = 561.254
---------------------------------------------------------------------------------
---------------------------------------------------------------------------------
Finished Constraint Validation : Time (s): cpu = 00:00:02 ; elapsed = 00:00:05 . Memory (MB): peak = 1032.883 ; gain = 561.254
---------------------------------------------------------------------------------
---------------------------------------------------------------------------------
Start Loading Part and Timing Information
---------------------------------------------------------------------------------
Loading part: xc7a75tfgg484-2
---------------------------------------------------------------------------------
INFO: [Device 21-403] Loading part xc7a75tfgg484-2
Finished Loading Part and Timing Information : Time (s): cpu = 00:00:02 ; elapsed = 00:00:05 . Memory (MB): peak = 1032.883 ; gain = 561.254
---------------------------------------------------------------------------------
---------------------------------------------------------------------------------
Finished RTL Optimization Phase 2 : Time (s): cpu = 00:00:03 ; elapsed = 00:00:06 . Memory (MB): peak = 1032.883 ; gain = 561.254
---------------------------------------------------------------------------------
No constraint files found.
---------------------------------------------------------------------------------
Start RTL Component Statistics 
---------------------------------------------------------------------------------
Detailed RTL Component Info : 
+---Adders : 
	   2 Input   32 Bit       Adders := 2     
	   2 Input    7 Bit       Adders := 2     
	   2 Input    6 Bit       Adders := 25    
	   2 Input    4 Bit       Adders := 3     
	   2 Input    3 Bit       Adders := 2     
	   2 Input    2 Bit       Adders := 4     
+---Registers : 
	               32 Bit    Registers := 2     
	                8 Bit    Registers := 2     
	                7 Bit    Registers := 1     
	                6 Bit    Registers := 12    
	                4 Bit    Registers := 6     
	                3 Bit    Registers := 2     
	                2 Bit    Registers := 3     
	                1 Bit    Registers := 13    
+---Muxes : 
	   2 Input   32 Bit        Muxes := 4     
	   4 Input   32 Bit        Muxes := 1     
	   4 Input    8 Bit        Muxes := 1     
	   7 Input    8 Bit        Muxes := 1     
	   2 Input    7 Bit        Muxes := 2     
	   2 Input    6 Bit        Muxes := 45    
	   4 Input    6 Bit        Muxes := 3     
	   9 Input    6 Bit        Muxes := 1     
	   3 Input    6 Bit        Muxes := 1     
	   2 Input    5 Bit        Muxes := 1     
	   4 Input    5 Bit        Muxes := 3     
	   2 Input    4 Bit        Muxes := 11    
	   8 Input    4 Bit        Muxes := 1     
	   2 Input    3 Bit        Muxes := 1     
	   2 Input    2 Bit        Muxes := 3     
	   2 Input    1 Bit        Muxes := 72    
	   4 Input    1 Bit        Muxes := 21    
---------------------------------------------------------------------------------
Finished RTL Component Statistics 
---------------------------------------------------------------------------------
---------------------------------------------------------------------------------
Start Part Resource Summary
---------------------------------------------------------------------------------
Part Resources:
DSPs: 180 (col length:80)
BRAMs: 210 (col length: RAMB18 80 RAMB36 40)
---------------------------------------------------------------------------------
Finished Part Resource Summary
---------------------------------------------------------------------------------
No constraint files found.
---------------------------------------------------------------------------------
Start Cross Boundary and Area Optimization
---------------------------------------------------------------------------------
WARNING: [Synth 8-7080] Parallel synthesis criteria is not met
---------------------------------------------------------------------------------
Finished Cross Boundary and Area Optimization : Time (s): cpu = 00:00:07 ; elapsed = 00:00:17 . Memory (MB): peak = 1424.535 ; gain = 952.906
---------------------------------------------------------------------------------
No constraint files found.
---------------------------------------------------------------------------------
Start Timing Optimization
---------------------------------------------------------------------------------
---------------------------------------------------------------------------------
Finished Timing Optimization : Time (s): cpu = 00:00:07 ; elapsed = 00:00:17 . Memory (MB): peak = 1424.535 ; gain = 952.906
---------------------------------------------------------------------------------
---------------------------------------------------------------------------------
Start Technology Mapping
---------------------------------------------------------------------------------
---------------------------------------------------------------------------------
Finished Technology Mapping : Time (s): cpu = 00:00:07 ; elapsed = 00:00:17 . Memory (MB): peak = 1427.555 ; gain = 955.926
---------------------------------------------------------------------------------
---------------------------------------------------------------------------------
Start IO Insertion
---------------------------------------------------------------------------------
---------------------------------------------------------------------------------
Start Flattening Before IO Insertion
---------------------------------------------------------------------------------
---------------------------------------------------------------------------------
Finished Flattening Before IO Insertion
---------------------------------------------------------------------------------
---------------------------------------------------------------------------------
Start Final Netlist Cleanup
---------------------------------------------------------------------------------
---------------------------------------------------------------------------------
Finished Final Netlist Cleanup
---------------------------------------------------------------------------------
---------------------------------------------------------------------------------
Finished IO Insertion : Time (s): cpu = 00:00:08 ; elapsed = 00:00:20 . Memory (MB): peak = 1427.555 ; gain = 955.926
---------------------------------------------------------------------------------
---------------------------------------------------------------------------------
Start Renaming Generated Instances
---------------------------------------------------------------------------------
---------------------------------------------------------------------------------
Finished Renaming Generated Instances : Time (s): cpu = 00:00:08 ; elapsed = 00:00:20 . Memory (MB): peak = 1427.555 ; gain = 955.926
---------------------------------------------------------------------------------
---------------------------------------------------------------------------------
Start Rebuilding User Hierarchy
---------------------------------------------------------------------------------
---------------------------------------------------------------------------------
Finished Rebuilding User Hierarchy : Time (s): cpu = 00:00:08 ; elapsed = 00:00:20 . Memory (MB): peak = 1427.555 ; gain = 955.926
---------------------------------------------------------------------------------
---------------------------------------------------------------------------------
Start Renaming Generated Ports
---------------------------------------------------------------------------------
---------------------------------------------------------------------------------
Finished Renaming Generated Ports : Time (s): cpu = 00:00:08 ; elapsed = 00:00:20 . Memory (MB): peak = 1427.555 ; gain = 955.926
---------------------------------------------------------------------------------
---------------------------------------------------------------------------------
Start Handling Custom Attributes
---------------------------------------------------------------------------------
---------------------------------------------------------------------------------
Finished Handling Custom Attributes : Time (s): cpu = 00:00:08 ; elapsed = 00:00:20 . Memory (MB): peak = 1427.555 ; gain = 955.926
---------------------------------------------------------------------------------
---------------------------------------------------------------------------------
Start Renaming Generated Nets
---------------------------------------------------------------------------------
---------------------------------------------------------------------------------
Finished Renaming Generated Nets : Time (s): cpu = 00:00:08 ; elapsed = 00:00:20 . Memory (MB): peak = 1427.555 ; gain = 955.926
---------------------------------------------------------------------------------
---------------------------------------------------------------------------------
Start Writing Synthesis Report
---------------------------------------------------------------------------------

Report BlackBoxes: 
+-+--------------+----------+
| |BlackBox name |Instances |
+-+--------------+----------+
+-+--------------+----------+

Report Cell Usage: 
+------+-------+------+
|      |Cell   |Count |
+------+-------+------+
|1     |BUFG   |     1|
|2     |CARRY4 |    65|
|3     |LUT1   |    23|
|4     |LUT2   |    86|
|5     |LUT3   |    73|
|6     |LUT4   |    86|
|7     |LUT5   |   123|
|8     |LUT6   |   204|
|9     |MUXF7  |    16|
|10    |FDRE   |   349|
|11    |FDSE   |    42|
|12    |IBUF   |     9|
|13    |OBUF   |    17|
+------+-------+------+

Report Instance Areas: 
+------+---------------+-------------+------+
|      |Instance       |Module       |Cells |
+------+---------------+-------------+------+
|1     |top            |             |  1094|
|2     |  u_alarm      |alarm        |   166|
|3     |  u_clk_div    |clk_div      |    42|
|4     |  u_control    |control_unit |    96|
|5     |  u_countdown  |countdown    |    74|
|6     |  u_date       |date_counter |    97|
|7     |  u_display    |digital_tube |   250|
|8     |  u_key_driver |key_driver   |   161|
|9     |  u_led        |led          |    41|
|10    |  u_time       |time_counter |    88|
+------+---------------+-------------+------+
---------------------------------------------------------------------------------
Finished Writing Synthesis Report : Time (s): cpu = 00:00:08 ; elapsed = 00:00:20 . Memory (MB): peak = 1427.555 ; gain = 955.926
---------------------------------------------------------------------------------
Synthesis finished with 0 errors, 0 critical warnings and 1 warnings.
Synthesis Optimization Runtime : Time (s): cpu = 00:00:08 ; elapsed = 00:00:20 . Memory (MB): peak = 1427.555 ; gain = 955.926
Synthesis Optimization Complete : Time (s): cpu = 00:00:08 ; elapsed = 00:00:20 . Memory (MB): peak = 1427.555 ; gain = 955.926
INFO: [Project 1-571] Translating synthesized netlist
Netlist sorting complete. Time (s): cpu = 00:00:00 ; elapsed = 00:00:00.010 . Memory (MB): peak = 1431.113 ; gain = 0.000
INFO: [Netlist 29-17] Analyzing 81 Unisim elements for replacement
INFO: [Netlist 29-28] Unisim Transformation completed in 0 CPU seconds
INFO: [Project 1-570] Preparing netlist for logic optimization
INFO: [Opt 31-138] Pushed 0 inverter(s) to 0 load pin(s).
Netlist sorting complete. Time (s): cpu = 00:00:00 ; elapsed = 00:00:00 . Memory (MB): peak = 1449.145 ; gain = 0.000
INFO: [Project 1-111] Unisim Transformation Summary:
No Unisim elements were transformed.

Synth Design complete | Checksum: d67a361a
INFO: [Common 17-83] Releasing license: Synthesis
33 Infos, 1 Warnings, 0 Critical Warnings and 0 Errors encountered.
synth_design completed successfully
synth_design: Time (s): cpu = 00:00:09 ; elapsed = 00:00:23 . Memory (MB): peak = 1449.145 ; gain = 983.469
# read_xdc clock.srcs/constrs_1/new/clock.xdc
Parsing XDC File [D:/UniFile/Grade3/26_27_1/ShuZiXiTongKeShe/Course_Project/Vivado_Project_File/clock/clock.srcs/constrs_1/new/clock.xdc]
Finished Parsing XDC File [D:/UniFile/Grade3/26_27_1/ShuZiXiTongKeShe/Course_Project/Vivado_Project_File/clock/clock.srcs/constrs_1/new/clock.xdc]
# opt_design
Command: opt_design
Attempting to get a license for feature 'Implementation' and/or device 'xc7a75t'
INFO: [Common 17-349] Got license for feature 'Implementation' and/or device 'xc7a75t'
Running DRC as a precondition to command opt_design

Starting DRC Task
INFO: [DRC 23-27] Running DRC with 2 threads
INFO: [Project 1-461] DRC finished with 0 Errors
INFO: [Project 1-462] Please refer to the DRC report (report_drc) for more information.

Time (s): cpu = 00:00:00 ; elapsed = 00:00:00.575 . Memory (MB): peak = 1449.145 ; gain = 0.000

Starting Cache Timing Information Task
INFO: [Timing 38-35] Done setting XDC timing constraints.
Ending Cache Timing Information Task | Checksum: 2406a973b

Time (s): cpu = 00:00:02 ; elapsed = 00:00:05 . Memory (MB): peak = 1679.703 ; gain = 230.559

Starting Logic Optimization Task

Phase 1 Initialization

Phase 1.1 Core Generation And Design Setup
Phase 1.1 Core Generation And Design Setup | Checksum: 2406a973b

Time (s): cpu = 00:00:00 ; elapsed = 00:00:00.001 . Memory (MB): peak = 2037.105 ; gain = 0.000

Phase 1.2 Setup Constraints And Sort Netlist
Phase 1.2 Setup Constraints And Sort Netlist | Checksum: 2406a973b

Time (s): cpu = 00:00:00 ; elapsed = 00:00:00.002 . Memory (MB): peak = 2037.105 ; gain = 0.000
Phase 1 Initialization | Checksum: 2406a973b

Time (s): cpu = 00:00:00 ; elapsed = 00:00:00.003 . Memory (MB): peak = 2037.105 ; gain = 0.000

Phase 2 Timer Update And Timing Data Collection

Phase 2.1 Timer Update
Phase 2.1 Timer Update | Checksum: 2406a973b

Time (s): cpu = 00:00:00 ; elapsed = 00:00:00.020 . Memory (MB): peak = 2037.105 ; gain = 0.000

Phase 2.2 Timing Data Collection
Phase 2.2 Timing Data Collection | Checksum: 2406a973b

Time (s): cpu = 00:00:00 ; elapsed = 00:00:00.026 . Memory (MB): peak = 2037.105 ; gain = 0.000
Phase 2 Timer Update And Timing Data Collection | Checksum: 2406a973b

Time (s): cpu = 00:00:00 ; elapsed = 00:00:00.026 . Memory (MB): peak = 2037.105 ; gain = 0.000

Phase 3 Retarget
INFO: [Opt 31-138] Pushed 0 inverter(s) to 0 load pin(s).
INFO: [Opt 31-49] Retargeted 0 cell(s).
Phase 3 Retarget | Checksum: 2406a973b

Time (s): cpu = 00:00:00 ; elapsed = 00:00:00.036 . Memory (MB): peak = 2037.105 ; gain = 0.000
Retarget | Checksum: 2406a973b
INFO: [Opt 31-389] Phase Retarget created 0 cells and removed 0 cells

Phase 4 Constant propagation
INFO: [Opt 31-138] Pushed 0 inverter(s) to 0 load pin(s).
Phase 4 Constant propagation | Checksum: 2406a973b

Time (s): cpu = 00:00:00 ; elapsed = 00:00:00.041 . Memory (MB): peak = 2037.105 ; gain = 0.000
Constant propagation | Checksum: 2406a973b
INFO: [Opt 31-389] Phase Constant propagation created 0 cells and removed 0 cells

Phase 5 Sweep
Phase 5 Sweep | Checksum: 2252e1dc4

Time (s): cpu = 00:00:00 ; elapsed = 00:00:00.049 . Memory (MB): peak = 2037.105 ; gain = 0.000
Sweep | Checksum: 2252e1dc4
INFO: [Opt 31-389] Phase Sweep created 0 cells and removed 0 cells

Phase 6 BUFG optimization
Phase 6 BUFG optimization | Checksum: 2252e1dc4

Time (s): cpu = 00:00:00 ; elapsed = 00:00:00.071 . Memory (MB): peak = 2037.105 ; gain = 0.000
BUFG optimization | Checksum: 2252e1dc4
INFO: [Opt 31-662] Phase BUFG optimization created 0 cells of which 0 are BUFGs and removed 0 cells.

Phase 7 Shift Register Optimization
INFO: [Opt 31-1064] SRL Remap converted 0 SRLs to 0 registers and converted 0 registers of register chains to 0 SRLs
Phase 7 Shift Register Optimization | Checksum: 2252e1dc4

Time (s): cpu = 00:00:00 ; elapsed = 00:00:00.073 . Memory (MB): peak = 2037.105 ; gain = 0.000
Shift Register Optimization | Checksum: 2252e1dc4
INFO: [Opt 31-389] Phase Shift Register Optimization created 0 cells and removed 0 cells

Phase 8 Post Processing Netlist
Phase 8 Post Processing Netlist | Checksum: 2252e1dc4

Time (s): cpu = 00:00:00 ; elapsed = 00:00:00.076 . Memory (MB): peak = 2037.105 ; gain = 0.000
Post Processing Netlist | Checksum: 2252e1dc4
INFO: [Opt 31-389] Phase Post Processing Netlist created 0 cells and removed 0 cells

Phase 9 Finalization

Phase 9.1 Finalizing Design Cores and Updating Shapes
Phase 9.1 Finalizing Design Cores and Updating Shapes | Checksum: 22b979af4

Time (s): cpu = 00:00:00 ; elapsed = 00:00:00.092 . Memory (MB): peak = 2037.105 ; gain = 0.000

Phase 9.2 Verifying Netlist Connectivity

Starting Connectivity Check Task

Time (s): cpu = 00:00:00 ; elapsed = 00:00:00.001 . Memory (MB): peak = 2037.105 ; gain = 0.000
Phase 9.2 Verifying Netlist Connectivity | Checksum: 22b979af4

Time (s): cpu = 00:00:00 ; elapsed = 00:00:00.094 . Memory (MB): peak = 2037.105 ; gain = 0.000
Phase 9 Finalization | Checksum: 22b979af4

Time (s): cpu = 00:00:00 ; elapsed = 00:00:00.094 . Memory (MB): peak = 2037.105 ; gain = 0.000
Opt_design Change Summary
=========================


-------------------------------------------------------------------------------------------------------------------------
|  Phase                        |  #Cells created  |  #Cells Removed  |  #Constrained objects preventing optimizations  |
-------------------------------------------------------------------------------------------------------------------------
|  Retarget                     |               0  |               0  |                                              0  |
|  Constant propagation         |               0  |               0  |                                              0  |
|  Sweep                        |               0  |               0  |                                              0  |
|  BUFG optimization            |               0  |               0  |                                              0  |
|  Shift Register Optimization  |               0  |               0  |                                              0  |
|  Post Processing Netlist      |               0  |               0  |                                              0  |
-------------------------------------------------------------------------------------------------------------------------


Ending Logic Optimization Task | Checksum: 22b979af4

Time (s): cpu = 00:00:00 ; elapsed = 00:00:00.095 . Memory (MB): peak = 2037.105 ; gain = 0.000
INFO: [Constraints 18-11670] Building netlist checker database with flags, 0x8
Done building netlist checker database: Time (s): cpu = 00:00:00 ; elapsed = 00:00:00 . Memory (MB): peak = 2037.105 ; gain = 0.000

Starting Power Optimization Task
INFO: [Pwropt 34-132] Skipping clock gating for clocks with a period < 2.00 ns.
Ending Power Optimization Task | Checksum: 22b979af4

Time (s): cpu = 00:00:00 ; elapsed = 00:00:00.010 . Memory (MB): peak = 2037.105 ; gain = 0.000

Starting Final Cleanup Task
Ending Final Cleanup Task | Checksum: 22b979af4

Time (s): cpu = 00:00:00 ; elapsed = 00:00:00 . Memory (MB): peak = 2037.105 ; gain = 0.000

Starting Netlist Obfuscation Task
Netlist sorting complete. Time (s): cpu = 00:00:00 ; elapsed = 00:00:00 . Memory (MB): peak = 2037.105 ; gain = 0.000
Ending Netlist Obfuscation Task | Checksum: 22b979af4

Time (s): cpu = 00:00:00 ; elapsed = 00:00:00.001 . Memory (MB): peak = 2037.105 ; gain = 0.000
INFO: [Common 17-83] Releasing license: Implementation
18 Infos, 0 Warnings, 0 Critical Warnings and 0 Errors encountered.
opt_design completed successfully
opt_design: Time (s): cpu = 00:00:03 ; elapsed = 00:00:07 . Memory (MB): peak = 2037.105 ; gain = 587.961
# place_design
Command: place_design
Attempting to get a license for feature 'Implementation' and/or device 'xc7a75t'
INFO: [Common 17-349] Got license for feature 'Implementation' and/or device 'xc7a75t'
INFO: [Common 17-83] Releasing license: Implementation
INFO: [DRC 23-27] Running DRC with 2 threads
INFO: [Vivado_Tcl 4-198] DRC finished with 0 Errors
INFO: [Vivado_Tcl 4-199] Please refer to the DRC report (report_drc) for more information.
Running DRC as a precondition to command place_design
INFO: [DRC 23-27] Running DRC with 2 threads
INFO: [Vivado_Tcl 4-198] DRC finished with 0 Errors
INFO: [Vivado_Tcl 4-199] Please refer to the DRC report (report_drc) for more information.
INFO: [Place 30-611] Multithreading enabled for place_design using a maximum of 2 CPUs

Starting Placer Task

Phase 1 Placer Initialization

Phase 1.1 Placer Initialization Netlist Sorting
Netlist sorting complete. Time (s): cpu = 00:00:00 ; elapsed = 00:00:00 . Memory (MB): peak = 2037.105 ; gain = 0.000
Phase 1.1 Placer Initialization Netlist Sorting | Checksum: 178fc521f

Time (s): cpu = 00:00:00 ; elapsed = 00:00:00.004 . Memory (MB): peak = 2037.105 ; gain = 0.000
Netlist sorting complete. Time (s): cpu = 00:00:00 ; elapsed = 00:00:00 . Memory (MB): peak = 2037.105 ; gain = 0.000

Phase 1.2 IO Placement/ Clock Placement/ Build Placer Device
INFO: [Timing 38-35] Done setting XDC timing constraints.
Phase 1.2 IO Placement/ Clock Placement/ Build Placer Device | Checksum: 129f80958

Time (s): cpu = 00:00:00 ; elapsed = 00:00:00.185 . Memory (MB): peak = 2037.105 ; gain = 0.000

Phase 1.3 Build Placer Netlist Model
Phase 1.3 Build Placer Netlist Model | Checksum: 19361624f

Time (s): cpu = 00:00:00 ; elapsed = 00:00:00.332 . Memory (MB): peak = 2037.105 ; gain = 0.000

Phase 1.4 Constrain Clocks/Macros
Phase 1.4 Constrain Clocks/Macros | Checksum: 19361624f

Time (s): cpu = 00:00:00 ; elapsed = 00:00:00.334 . Memory (MB): peak = 2037.105 ; gain = 0.000
Phase 1 Placer Initialization | Checksum: 19361624f

Time (s): cpu = 00:00:00 ; elapsed = 00:00:00.339 . Memory (MB): peak = 2037.105 ; gain = 0.000

Phase 2 Global Placement

Phase 2.1 Floorplanning
Phase 2.1 Floorplanning | Checksum: 1957c8b2d

Time (s): cpu = 00:00:00 ; elapsed = 00:00:00.395 . Memory (MB): peak = 2037.105 ; gain = 0.000

Phase 2.2 Update Timing before SLR Path Opt
Phase 2.2 Update Timing before SLR Path Opt | Checksum: 17b4c3941

Time (s): cpu = 00:00:00 ; elapsed = 00:00:00.436 . Memory (MB): peak = 2037.105 ; gain = 0.000

Phase 2.3 Post-Processing in Floorplanning
Phase 2.3 Post-Processing in Floorplanning | Checksum: 17b4c3941

Time (s): cpu = 00:00:00 ; elapsed = 00:00:00.438 . Memory (MB): peak = 2037.105 ; gain = 0.000

Phase 2.4 Global Placement Core

Phase 2.4.1 UpdateTiming Before Physical Synthesis
Phase 2.4.1 UpdateTiming Before Physical Synthesis | Checksum: 203ee0e8b

Time (s): cpu = 00:00:01 ; elapsed = 00:00:01 . Memory (MB): peak = 2037.105 ; gain = 0.000

Phase 2.4.2 Physical Synthesis In Placer
INFO: [Physopt 32-1035] Found 0 LUTNM shape to break, 9 LUT instances to create LUTNM shape
INFO: [Physopt 32-1044] Break lutnm for timing: one critical 0, two critical 0, total 0, new lutff created 0
INFO: [Physopt 32-1138] End 1 Pass. Optimized 4 nets or LUTs. Breaked 0 LUT, combined 4 existing LUTs and moved 0 existing LUT
INFO: [Physopt 32-65] No nets found for high-fanout optimization.
INFO: [Physopt 32-232] Optimized 0 net. Created 0 new instance.
INFO: [Physopt 32-775] End 1 Pass. Optimized 0 net or cell. Created 0 new cell, deleted 0 existing cell and moved 0 existing cell
INFO: [Physopt 32-670] No setup violation found.  DSP Register Optimization was not performed.
INFO: [Physopt 32-670] No setup violation found.  Shift Register to Pipeline Optimization was not performed.
INFO: [Physopt 32-670] No setup violation found.  Shift Register Optimization was not performed.
INFO: [Physopt 32-670] No setup violation found.  BRAM Register Optimization was not performed.
INFO: [Physopt 32-670] No setup violation found.  URAM Register Optimization was not performed.
INFO: [Physopt 32-949] No candidate nets found for dynamic/static region interface net replication
INFO: [Physopt 32-775] End 1 Pass. Optimized 0 net or cell. Created 0 new cell, deleted 0 existing cell and moved 0 existing cell
Netlist sorting complete. Time (s): cpu = 00:00:00 ; elapsed = 00:00:00 . Memory (MB): peak = 2037.105 ; gain = 0.000

Summary of Physical Synthesis Optimizations
============================================


-----------------------------------------------------------------------------------------------------------------------------------------------------------
|  Optimization                                     |  Added Cells  |  Removed Cells  |  Optimized Cells/Nets  |  Dont Touch  |  Iterations  |  Elapsed   |
-----------------------------------------------------------------------------------------------------------------------------------------------------------
|  LUT Combining                                    |            0  |              4  |                     4  |           0  |           1  |  00:00:00  |
|  Retime                                           |            0  |              0  |                     0  |           0  |           1  |  00:00:00  |
|  Very High Fanout                                 |            0  |              0  |                     0  |           0  |           1  |  00:00:00  |
|  DSP Register                                     |            0  |              0  |                     0  |           0  |           0  |  00:00:00  |
|  Shift Register to Pipeline                       |            0  |              0  |                     0  |           0  |           0  |  00:00:00  |
|  Shift Register                                   |            0  |              0  |                     0  |           0  |           0  |  00:00:00  |
|  BRAM Register                                    |            0  |              0  |                     0  |           0  |           0  |  00:00:00  |
|  URAM Register                                    |            0  |              0  |                     0  |           0  |           0  |  00:00:00  |
|  Dynamic/Static Region Interface Net Replication  |            0  |              0  |                     0  |           0  |           1  |  00:00:00  |
|  Total                                            |            0  |              4  |                     4  |           0  |           4  |  00:00:00  |
-----------------------------------------------------------------------------------------------------------------------------------------------------------


Phase 2.4.2 Physical Synthesis In Placer | Checksum: 25aa5ef19

Time (s): cpu = 00:00:01 ; elapsed = 00:00:01 . Memory (MB): peak = 2037.105 ; gain = 0.000
Phase 2.4 Global Placement Core | Checksum: 1e6cdc11a

Time (s): cpu = 00:00:01 ; elapsed = 00:00:01 . Memory (MB): peak = 2037.105 ; gain = 0.000
Phase 2 Global Placement | Checksum: 1e6cdc11a

Time (s): cpu = 00:00:01 ; elapsed = 00:00:01 . Memory (MB): peak = 2037.105 ; gain = 0.000

Phase 3 Detail Placement

Phase 3.1 Commit Multi Column Macros
Phase 3.1 Commit Multi Column Macros | Checksum: 280cfb18c

Time (s): cpu = 00:00:01 ; elapsed = 00:00:01 . Memory (MB): peak = 2037.105 ; gain = 0.000

Phase 3.2 Commit Most Macros & LUTRAMs
Phase 3.2 Commit Most Macros & LUTRAMs | Checksum: 22af4d147

Time (s): cpu = 00:00:01 ; elapsed = 00:00:01 . Memory (MB): peak = 2037.105 ; gain = 0.000

Phase 3.3 Area Swap Optimization
Phase 3.3 Area Swap Optimization | Checksum: 198fd47f0

Time (s): cpu = 00:00:01 ; elapsed = 00:00:01 . Memory (MB): peak = 2037.105 ; gain = 0.000

Phase 3.4 Pipeline Register Optimization
Phase 3.4 Pipeline Register Optimization | Checksum: 16f8110f0

Time (s): cpu = 00:00:01 ; elapsed = 00:00:01 . Memory (MB): peak = 2037.105 ; gain = 0.000

Phase 3.5 Small Shape Detail Placement
Phase 3.5 Small Shape Detail Placement | Checksum: 1ab2da71b

Time (s): cpu = 00:00:01 ; elapsed = 00:00:02 . Memory (MB): peak = 2037.105 ; gain = 0.000

Phase 3.6 Re-assign LUT pins
Phase 3.6 Re-assign LUT pins | Checksum: 2874a63e1

Time (s): cpu = 00:00:01 ; elapsed = 00:00:02 . Memory (MB): peak = 2037.105 ; gain = 0.000

Phase 3.7 Pipeline Register Optimization
Phase 3.7 Pipeline Register Optimization | Checksum: 2acc686e1

Time (s): cpu = 00:00:01 ; elapsed = 00:00:02 . Memory (MB): peak = 2037.105 ; gain = 0.000
Phase 3 Detail Placement | Checksum: 2acc686e1

Time (s): cpu = 00:00:01 ; elapsed = 00:00:02 . Memory (MB): peak = 2037.105 ; gain = 0.000

Phase 4 Post Placement Optimization and Clean-Up

Phase 4.1 Post Commit Optimization
INFO: [Timing 38-35] Done setting XDC timing constraints.

Phase 4.1.1 Post Placement Optimization
Post Placement Optimization Initialization | Checksum: 189e8a10b

Phase 4.1.1.1 BUFG Insertion

Starting Physical Synthesis Task

Phase 1 Physical Synthesis Initialization
INFO: [Physopt 32-721] Multithreading enabled for phys_opt_design using a maximum of 2 CPUs
INFO: [Physopt 32-619] Estimated Timing Summary | WNS=14.620 | TNS=0.000 |
Phase 1 Physical Synthesis Initialization | Checksum: 1b9abac6c

Time (s): cpu = 00:00:00 ; elapsed = 00:00:00.027 . Memory (MB): peak = 2037.105 ; gain = 0.000
INFO: [Place 46-56] BUFG insertion identified 0 candidate nets. Inserted BUFG: 0, Replicated BUFG Driver: 0, Skipped due to Placement/Routing Conflicts: 0, Skipped due to Timing Degradation: 0, Skipped due to netlist editing failed: 0.
Ending Physical Synthesis Task | Checksum: 1b9abac6c

Time (s): cpu = 00:00:00 ; elapsed = 00:00:00.031 . Memory (MB): peak = 2037.105 ; gain = 0.000
Phase 4.1.1.1 BUFG Insertion | Checksum: 189e8a10b

Time (s): cpu = 00:00:01 ; elapsed = 00:00:02 . Memory (MB): peak = 2037.105 ; gain = 0.000

Phase 4.1.1.2 Post Placement Timing Optimization
INFO: [Place 30-746] Post Placement Timing Summary WNS=14.620. For the most accurate timing information please run report_timing.
Phase 4.1.1.2 Post Placement Timing Optimization | Checksum: 160d1c1aa

Time (s): cpu = 00:00:01 ; elapsed = 00:00:02 . Memory (MB): peak = 2037.105 ; gain = 0.000

Time (s): cpu = 00:00:01 ; elapsed = 00:00:02 . Memory (MB): peak = 2037.105 ; gain = 0.000
Phase 4.1 Post Commit Optimization | Checksum: 160d1c1aa

Time (s): cpu = 00:00:01 ; elapsed = 00:00:02 . Memory (MB): peak = 2037.105 ; gain = 0.000

Phase 4.2 Post Placement Cleanup
Phase 4.2 Post Placement Cleanup | Checksum: 160d1c1aa

Time (s): cpu = 00:00:01 ; elapsed = 00:00:02 . Memory (MB): peak = 2037.105 ; gain = 0.000

Phase 4.3 Placer Reporting

Phase 4.3.1 Print Estimated Congestion
INFO: [Place 30-612] Post-Placement Estimated Congestion 
 ____________________________________________________
|           | Global Congestion | Short Congestion  |
| Direction | Region Size       | Region Size       |
|___________|___________________|___________________|
|      North|                1x1|                1x1|
|___________|___________________|___________________|
|      South|                1x1|                1x1|
|___________|___________________|___________________|
|       East|                1x1|                1x1|
|___________|___________________|___________________|
|       West|                1x1|                1x1|
|___________|___________________|___________________|

Phase 4.3.1 Print Estimated Congestion | Checksum: 160d1c1aa

Time (s): cpu = 00:00:01 ; elapsed = 00:00:02 . Memory (MB): peak = 2037.105 ; gain = 0.000
Phase 4.3 Placer Reporting | Checksum: 160d1c1aa

Time (s): cpu = 00:00:01 ; elapsed = 00:00:02 . Memory (MB): peak = 2037.105 ; gain = 0.000

Phase 4.4 Final Placement Cleanup
Netlist sorting complete. Time (s): cpu = 00:00:00 ; elapsed = 00:00:00 . Memory (MB): peak = 2037.105 ; gain = 0.000

Time (s): cpu = 00:00:01 ; elapsed = 00:00:02 . Memory (MB): peak = 2037.105 ; gain = 0.000
Phase 4 Post Placement Optimization and Clean-Up | Checksum: 22b10b0c2

Time (s): cpu = 00:00:01 ; elapsed = 00:00:02 . Memory (MB): peak = 2037.105 ; gain = 0.000
Ending Placer Task | Checksum: 1d14f52af

Time (s): cpu = 00:00:01 ; elapsed = 00:00:02 . Memory (MB): peak = 2037.105 ; gain = 0.000
29 Infos, 0 Warnings, 0 Critical Warnings and 0 Errors encountered.
place_design completed successfully
# phys_opt_design
Command: phys_opt_design
Attempting to get a license for feature 'Implementation' and/or device 'xc7a75t'
INFO: [Common 17-349] Got license for feature 'Implementation' and/or device 'xc7a75t'

Starting Initial Update Timing Task

Time (s): cpu = 00:00:00 ; elapsed = 00:00:00.067 . Memory (MB): peak = 2037.105 ; gain = 0.000
INFO: [Vivado_Tcl 4-383] Design worst setup slack (WNS) is greater than or equal to 0.000 ns. Skipping all physical synthesis optimizations.
INFO: [Vivado_Tcl 4-232] No setup violation found. The netlist was not modified.
INFO: [Common 17-83] Releasing license: Implementation
4 Infos, 0 Warnings, 0 Critical Warnings and 0 Errors encountered.
phys_opt_design completed successfully
# route_design
Command: route_design
Attempting to get a license for feature 'Implementation' and/or device 'xc7a75t'
INFO: [Common 17-349] Got license for feature 'Implementation' and/or device 'xc7a75t'
Running DRC as a precondition to command route_design
INFO: [DRC 23-27] Running DRC with 2 threads
INFO: [Vivado_Tcl 4-198] DRC finished with 0 Errors
INFO: [Vivado_Tcl 4-199] Please refer to the DRC report (report_drc) for more information.


Starting Routing Task
INFO: [Route 35-254] Multithreading enabled for route_design using a maximum of 8 CPUs

Phase 1 Build RT Design
Checksum: PlaceDB: ec1cac85 ConstDB: 0 ShapeSum: e532a62a RouteDB: 0
Post Restoration Checksum: NetGraph: 63321b63 | NumContArr: 7ee52e2a | Constraints: c2a8fa9d | Timing: c2a8fa9d
Phase 1 Build RT Design | Checksum: 267693ec7

Time (s): cpu = 00:00:09 ; elapsed = 00:00:17 . Memory (MB): peak = 2037.105 ; gain = 0.000

Phase 2 Router Initialization

Phase 2.1 Fix Topology Constraints
Phase 2.1 Fix Topology Constraints | Checksum: 267693ec7

Time (s): cpu = 00:00:09 ; elapsed = 00:00:17 . Memory (MB): peak = 2037.105 ; gain = 0.000

Phase 2.2 Pre Route Cleanup
Phase 2.2 Pre Route Cleanup | Checksum: 267693ec7

Time (s): cpu = 00:00:09 ; elapsed = 00:00:17 . Memory (MB): peak = 2037.105 ; gain = 0.000
 Number of Nodes with overlaps = 0

Phase 2.3 Update Timing
Phase 2.3 Update Timing | Checksum: 15aadb190

Time (s): cpu = 00:00:09 ; elapsed = 00:00:17 . Memory (MB): peak = 2094.574 ; gain = 57.469
INFO: [Route 35-416] Intermediate Timing Summary | WNS=14.632 | TNS=0.000  | WHS=-0.159 | THS=-13.247|


Router Utilization Summary
  Global Vertical Routing Utilization    = 0 %
  Global Horizontal Routing Utilization  = 0 %
  Routable Net Status*
  *Does not include unroutable nets such as driverless and loadless.
  Run report_route_status for detailed report.
  Number of Failed Nets               = 897
    (Failed Nets is the sum of unrouted and partially routed nets)
  Number of Unrouted Nets             = 897
  Number of Partially Routed Nets     = 0
  Number of Node Overlaps             = 0

Phase 2 Router Initialization | Checksum: 13ca62d6e

Time (s): cpu = 00:00:09 ; elapsed = 00:00:17 . Memory (MB): peak = 2102.113 ; gain = 65.008

Phase 3 Initial Routing

Phase 3.1 Global Routing
Phase 3.1 Global Routing | Checksum: 13ca62d6e

Time (s): cpu = 00:00:09 ; elapsed = 00:00:17 . Memory (MB): peak = 2102.113 ; gain = 65.008

Phase 3.2 Initial Net Routing
Phase 3.2 Initial Net Routing | Checksum: 16d572899

Time (s): cpu = 00:00:09 ; elapsed = 00:00:17 . Memory (MB): peak = 2102.113 ; gain = 65.008
Phase 3 Initial Routing | Checksum: 16d572899

Time (s): cpu = 00:00:09 ; elapsed = 00:00:17 . Memory (MB): peak = 2102.113 ; gain = 65.008

Phase 4 Rip-up And Reroute

Phase 4.1 Global Iteration 0
 Number of Nodes with overlaps = 46
 Number of Nodes with overlaps = 0
INFO: [Route 35-416] Intermediate Timing Summary | WNS=13.794 | TNS=0.000  | WHS=N/A    | THS=N/A    |

Phase 4.1 Global Iteration 0 | Checksum: 1fc2e27cb

Time (s): cpu = 00:00:09 ; elapsed = 00:00:17 . Memory (MB): peak = 2102.113 ; gain = 65.008
Phase 4 Rip-up And Reroute | Checksum: 1fc2e27cb

Time (s): cpu = 00:00:09 ; elapsed = 00:00:17 . Memory (MB): peak = 2102.113 ; gain = 65.008

Phase 5 Delay and Skew Optimization

Phase 5.1 Delay CleanUp
Phase 5.1 Delay CleanUp | Checksum: 1fc2e27cb

Time (s): cpu = 00:00:09 ; elapsed = 00:00:17 . Memory (MB): peak = 2102.113 ; gain = 65.008

Phase 5.2 Clock Skew Optimization
Phase 5.2 Clock Skew Optimization | Checksum: 1fc2e27cb

Time (s): cpu = 00:00:09 ; elapsed = 00:00:17 . Memory (MB): peak = 2102.113 ; gain = 65.008
Phase 5 Delay and Skew Optimization | Checksum: 1fc2e27cb

Time (s): cpu = 00:00:09 ; elapsed = 00:00:17 . Memory (MB): peak = 2102.113 ; gain = 65.008

Phase 6 Post Hold Fix

Phase 6.1 Hold Fix Iter

Phase 6.1.1 Update Timing
Phase 6.1.1 Update Timing | Checksum: 1f47797d1

Time (s): cpu = 00:00:09 ; elapsed = 00:00:17 . Memory (MB): peak = 2102.113 ; gain = 65.008
INFO: [Route 35-416] Intermediate Timing Summary | WNS=13.861 | TNS=0.000  | WHS=0.129  | THS=0.000  |

Phase 6.1 Hold Fix Iter | Checksum: 1f47797d1

Time (s): cpu = 00:00:09 ; elapsed = 00:00:17 . Memory (MB): peak = 2102.113 ; gain = 65.008
Phase 6 Post Hold Fix | Checksum: 1f47797d1

Time (s): cpu = 00:00:09 ; elapsed = 00:00:17 . Memory (MB): peak = 2102.113 ; gain = 65.008

Phase 7 Route finalize

Router Utilization Summary
  Global Vertical Routing Utilization    = 0.0839535 %
  Global Horizontal Routing Utilization  = 0.144004 %
  Routable Net Status*
  *Does not include unroutable nets such as driverless and loadless.
  Run report_route_status for detailed report.
  Number of Failed Nets               = 0
    (Failed Nets is the sum of unrouted and partially routed nets)
  Number of Unrouted Nets             = 0
  Number of Partially Routed Nets     = 0
  Number of Node Overlaps             = 0

Phase 7 Route finalize | Checksum: 1f47797d1

Time (s): cpu = 00:00:09 ; elapsed = 00:00:17 . Memory (MB): peak = 2102.113 ; gain = 65.008

Phase 8 Verifying routed nets

 Verification completed successfully
Phase 8 Verifying routed nets | Checksum: 1f47797d1

Time (s): cpu = 00:00:09 ; elapsed = 00:00:17 . Memory (MB): peak = 2102.113 ; gain = 65.008

Phase 9 Depositing Routes
Phase 9 Depositing Routes | Checksum: 2594f4af9

Time (s): cpu = 00:00:09 ; elapsed = 00:00:17 . Memory (MB): peak = 2102.113 ; gain = 65.008

Phase 10 Post Router Timing
INFO: [Route 35-57] Estimated Timing Summary | WNS=13.861 | TNS=0.000  | WHS=0.129  | THS=0.000  |

INFO: [Route 35-327] The final timing numbers are based on the router estimated timing analysis. For a complete and accurate timing signoff, please run report_timing_summary.
Phase 10 Post Router Timing | Checksum: 2594f4af9

Time (s): cpu = 00:00:09 ; elapsed = 00:00:17 . Memory (MB): peak = 2102.113 ; gain = 65.008
INFO: [Route 35-16] Router Completed Successfully

Phase 11 Post-Route Event Processing
Phase 11 Post-Route Event Processing | Checksum: 21439be62

Time (s): cpu = 00:00:09 ; elapsed = 00:00:17 . Memory (MB): peak = 2102.113 ; gain = 65.008
Ending Routing Task | Checksum: 21439be62

Time (s): cpu = 00:00:09 ; elapsed = 00:00:17 . Memory (MB): peak = 2102.113 ; gain = 65.008

Routing Is Done.
INFO: [Common 17-83] Releasing license: Implementation
12 Infos, 0 Warnings, 0 Critical Warnings and 0 Errors encountered.
route_design completed successfully
route_design: Time (s): cpu = 00:00:09 ; elapsed = 00:00:18 . Memory (MB): peak = 2102.113 ; gain = 65.008
# report_timing_summary -file batch_build/timing_summary.rpt -check_timing_verbose -max_paths 10
INFO: [Timing 38-91] UpdateTimingParams: Speed grade: -2, Delay Type: min_max.
INFO: [Timing 38-191] Multithreading enabled for timing update using a maximum of 2 CPUs
# report_drc -file batch_build/drc.rpt
Command: report_drc -file batch_build/drc.rpt
INFO: [IP_Flow 19-234] Refreshing IP repositories
INFO: [IP_Flow 19-1704] No user IP repositories specified
INFO: [IP_Flow 19-2313] Loaded Vivado IP repository 'D:/Software/Vivado/2023.2/data/ip'.
INFO: [DRC 23-27] Running DRC with 2 threads
INFO: [Vivado_Tcl 2-168] The results of DRC are in file D:/UniFile/Grade3/26_27_1/ShuZiXiTongKeShe/Course_Project/Vivado_Project_File/clock/batch_build/drc.rpt.
report_drc completed successfully
# report_route_status -file batch_build/route_status.rpt
# write_bitstream -force batch_build/clock_top.bit
Command: write_bitstream -force batch_build/clock_top.bit
Attempting to get a license for feature 'Implementation' and/or device 'xc7a75t'
INFO: [Common 17-349] Got license for feature 'Implementation' and/or device 'xc7a75t'
Running DRC as a precondition to command write_bitstream
INFO: [IP_Flow 19-1839] IP Catalog is up to date.
INFO: [DRC 23-27] Running DRC with 2 threads
INFO: [Vivado 12-3199] DRC finished with 0 Errors
INFO: [Vivado 12-3200] Please refer to the DRC report (report_drc) for more information.
INFO: [Designutils 20-2272] Running write_bitstream with 2 threads.
Loading data files...
Loading site data...
Loading route data...
Processing options...
Creating bitmap...
Creating bitstream...
Writing bitstream batch_build/clock_top.bit...
INFO: [Vivado 12-1842] Bitgen Completed Successfully.
INFO: [Project 1-1876] WebTalk data collection is mandatory when using a ULT device. To see the specific WebTalk data collected for your design, open the usage_statistics_webtalk.html or usage_statistics_webtalk.xml file in the implementation directory.
INFO: [Common 17-83] Releasing license: Implementation
9 Infos, 0 Warnings, 0 Critical Warnings and 0 Errors encountered.
write_bitstream completed successfully
write_bitstream: Time (s): cpu = 00:00:02 ; elapsed = 00:00:07 . Memory (MB): peak = 2358.043 ; gain = 255.930
# exit
INFO: [Common 17-206] Exiting Vivado at Mon Sep  7 16:34:02 2026...
