Copyright 1986-2022 Xilinx, Inc. All Rights Reserved. Copyright 2022-2023 Advanced Micro Devices, Inc. All Rights Reserved.
---------------------------------------------------------------------------------------------------------------------------------------------
| Tool Version : Vivado v.2023.2 (win64) Build 4029153 Fri Oct 13 20:14:34 MDT 2023
| Date         : Sat Sep  5 10:39:07 2026
| Host         : shdbgf running 64-bit major release  (build 9200)
| Command      : report_drc -checks {UCIO-1 NSTD-1} -file xdc_drc.rpt
| Design       : clock_top
| Device       : xc7a75tfgg484-2
| Speed File   : -2
| Design State : ignored
---------------------------------------------------------------------------------------------------------------------------------------------

Report DRC

Table of Contents
-----------------
1. REPORT SUMMARY
2. REPORT DETAILS

1. REPORT SUMMARY
-----------------
            Netlist: netlist
          Floorplan: checkpoint_clock_top
      Design limits: <entire design considered>

            Checks: NSTD-1 UCIO-1
             Max violations: <unlimited>
             Violations found: 0
+------+----------+-------------+------------+
| Rule | Severity | Description | Violations |
+------+----------+-------------+------------+
+------+----------+-------------+------------+

2. REPORT DETAILS
-----------------

