Copyright 1986-2022 Xilinx, Inc. All Rights Reserved. Copyright 2022-2023 Advanced Micro Devices, Inc. All Rights Reserved.
---------------------------------------------------------------------------------------------------------------------------------------------
| Tool Version : Vivado v.2023.2 (win64) Build 4029153 Fri Oct 13 20:14:34 MDT 2023
| Date         : Mon Sep  7 16:33:54 2026
| Host         : shdbgf running 64-bit major release  (build 9200)
| Command      : report_timing_summary -file batch_build/timing_summary.rpt -check_timing_verbose -max_paths 10
| Design       : clock_top
| Device       : 7a75t-fgg484
| Speed File   : -2  PRODUCTION 1.23 2018-06-13
| Design State : Routed
---------------------------------------------------------------------------------------------------------------------------------------------

Timing Summary Report

------------------------------------------------------------------------------------------------
| Timer Settings
| --------------
------------------------------------------------------------------------------------------------

  Enable Multi Corner Analysis               :  Yes
  Enable Pessimism Removal                   :  Yes
  Pessimism Removal Resolution               :  Nearest Common Node
  Enable Input Delay Default Clock           :  No
  Enable Preset / Clear Arcs                 :  No
  Disable Flight Delays                      :  No
  Ignore I/O Paths                           :  No
  Timing Early Launch at Borrowing Latches   :  No
  Borrow Time for Max Delay Exceptions       :  Yes
  Merge Timing Exceptions                    :  Yes
  Inter-SLR Compensation                     :  Conservative

  Corner  Analyze    Analyze    
  Name    Max Paths  Min Paths  
  ------  ---------  ---------  
  Slow    Yes        Yes        
  Fast    Yes        Yes        


------------------------------------------------------------------------------------------------
| Report Methodology
| ------------------
------------------------------------------------------------------------------------------------

No report available as report_methodology has not been run prior. Run report_methodology on the current design for the summary of methodology violations.



check_timing report

Table of Contents
-----------------
1. checking no_clock (0)
2. checking constant_clock (0)
3. checking pulse_width_clock (0)
4. checking unconstrained_internal_endpoints (0)
5. checking no_input_delay (8)
6. checking no_output_delay (16)
7. checking multiple_clock (0)
8. checking generated_clocks (0)
9. checking loops (0)
10. checking partial_input_delay (0)
11. checking partial_output_delay (0)
12. checking latch_loops (0)

1. checking no_clock (0)
------------------------
 There are 0 register/latch pins with no clock.


2. checking constant_clock (0)
------------------------------
 There are 0 register/latch pins with constant_clock.


3. checking pulse_width_clock (0)
---------------------------------
 There are 0 register/latch pins which need pulse_width check


4. checking unconstrained_internal_endpoints (0)
------------------------------------------------
 There are 0 pins that are not constrained for maximum delay.

 There are 0 pins that are not constrained for maximum delay due to constant clock.


5. checking no_input_delay (8)
------------------------------
 There are 8 input ports with no input delay specified. (HIGH)

key[0]
key[1]
key[2]
key[3]
sw[0]
sw[1]
sw[2]
sw[3]

 There are 0 input ports with no input delay but user has a false path constraint.


6. checking no_output_delay (16)
--------------------------------
 There are 16 ports with no output delay specified. (HIGH)

dig[0]
dig[1]
dig[2]
dig[3]
dig[4]
dig[5]
dig[6]
dig[7]
led_out
seg[0]
seg[1]
seg[2]
seg[3]
seg[4]
seg[5]
seg[6]

 There are 0 ports with no output delay but user has a false path constraint

 There are 0 ports with no output delay but with a timing clock defined on it or propagating through it


7. checking multiple_clock (0)
------------------------------
 There are 0 register/latch pins with multiple clocks.


8. checking generated_clocks (0)
--------------------------------
 There are 0 generated clocks that are not connected to a clock source.


9. checking loops (0)
---------------------
 There are 0 combinational loops in the design.


10. checking partial_input_delay (0)
------------------------------------
 There are 0 input ports with partial input delay specified.


11. checking partial_output_delay (0)
-------------------------------------
 There are 0 ports with partial output delay specified.


12. checking latch_loops (0)
----------------------------
 There are 0 combinational latch loops in the design through latch input



------------------------------------------------------------------------------------------------
| Design Timing Summary
| ---------------------
------------------------------------------------------------------------------------------------

    WNS(ns)      TNS(ns)  TNS Failing Endpoints  TNS Total Endpoints      WHS(ns)      THS(ns)  THS Failing Endpoints  THS Total Endpoints     WPWS(ns)     TPWS(ns)  TPWS Failing Endpoints  TPWS Total Endpoints  
    -------      -------  ---------------------  -------------------      -------      -------  ---------------------  -------------------     --------     --------  ----------------------  --------------------  
     13.868        0.000                      0                  924        0.129        0.000                      0                  924        9.500        0.000                       0                   392  


All user specified timing constraints are met.


------------------------------------------------------------------------------------------------
| Clock Summary
| -------------
------------------------------------------------------------------------------------------------

Clock    Waveform(ns)       Period(ns)      Frequency(MHz)
-----    ------------       ----------      --------------
sys_clk  {0.000 10.000}     20.000          50.000          


------------------------------------------------------------------------------------------------
| Intra Clock Table
| -----------------
------------------------------------------------------------------------------------------------

Clock             WNS(ns)      TNS(ns)  TNS Failing Endpoints  TNS Total Endpoints      WHS(ns)      THS(ns)  THS Failing Endpoints  THS Total Endpoints     WPWS(ns)     TPWS(ns)  TPWS Failing Endpoints  TPWS Total Endpoints  
-----             -------      -------  ---------------------  -------------------      -------      -------  ---------------------  -------------------     --------     --------  ----------------------  --------------------  
sys_clk            13.868        0.000                      0                  924        0.129        0.000                      0                  924        9.500        0.000                       0                   392  


------------------------------------------------------------------------------------------------
| Inter Clock Table
| -----------------
------------------------------------------------------------------------------------------------

From Clock    To Clock          WNS(ns)      TNS(ns)  TNS Failing Endpoints  TNS Total Endpoints      WHS(ns)      THS(ns)  THS Failing Endpoints  THS Total Endpoints  
----------    --------          -------      -------  ---------------------  -------------------      -------      -------  ---------------------  -------------------  


------------------------------------------------------------------------------------------------
| Other Path Groups Table
| -----------------------
------------------------------------------------------------------------------------------------

Path Group    From Clock    To Clock          WNS(ns)      TNS(ns)  TNS Failing Endpoints  TNS Total Endpoints      WHS(ns)      THS(ns)  THS Failing Endpoints  THS Total Endpoints  
----------    ----------    --------          -------      -------  ---------------------  -------------------      -------      -------  ---------------------  -------------------  


------------------------------------------------------------------------------------------------
| Timing Details
| --------------
------------------------------------------------------------------------------------------------


---------------------------------------------------------------------------------------------------
From Clock:  sys_clk
  To Clock:  sys_clk

Setup :            0  Failing Endpoints,  Worst Slack       13.868ns,  Total Violation        0.000ns
Hold  :            0  Failing Endpoints,  Worst Slack        0.129ns,  Total Violation        0.000ns
PW    :            0  Failing Endpoints,  Worst Slack        9.500ns,  Total Violation        0.000ns
---------------------------------------------------------------------------------------------------


Max Delay Paths
--------------------------------------------------------------------------------------
Slack (MET) :             13.868ns  (required time - arrival time)
  Source:                 u_control/display_mode_reg[0]/C
                            (rising edge-triggered cell FDRE clocked by sys_clk  {rise@0.000ns fall@10.000ns period=20.000ns})
  Destination:            u_display/seg_reg[4]/D
                            (rising edge-triggered cell FDSE clocked by sys_clk  {rise@0.000ns fall@10.000ns period=20.000ns})
  Path Group:             sys_clk
  Path Type:              Setup (Max at Slow Process Corner)
  Requirement:            20.000ns  (sys_clk rise@20.000ns - sys_clk rise@0.000ns)
  Data Path Delay:        6.076ns  (logic 1.463ns (24.077%)  route 4.613ns (75.923%))
  Logic Levels:           6  (LUT2=1 LUT4=1 LUT6=3 MUXF7=1)
  Clock Path Skew:        -0.052ns (DCD - SCD + CPR)
    Destination Clock Delay (DCD):    4.433ns = ( 24.433 - 20.000 ) 
    Source Clock Delay      (SCD):    4.711ns
    Clock Pessimism Removal (CPR):    0.225ns
  Clock Uncertainty:      0.035ns  ((TSJ^2 + TIJ^2)^1/2 + DJ) / 2 + PE
    Total System Jitter     (TSJ):    0.071ns
    Total Input Jitter      (TIJ):    0.000ns
    Discrete Jitter          (DJ):    0.000ns
    Phase Error              (PE):    0.000ns

    Location             Delay type                Incr(ns)  Path(ns)    Netlist Resource(s)
  -------------------------------------------------------------------    -------------------
                         (clock sys_clk rise edge)    0.000     0.000 r  
    Y18                                               0.000     0.000 r  clk (IN)
                         net (fo=0)                   0.000     0.000    clk
    Y18                  IBUF (Prop_ibuf_I_O)         1.476     1.476 r  clk_IBUF_inst/O
                         net (fo=1, routed)           1.709     3.185    clk_IBUF
    BUFGCTRL_X0Y0        BUFG (Prop_bufg_I_O)         0.081     3.266 r  clk_IBUF_BUFG_inst/O
                         net (fo=391, routed)         1.445     4.711    u_control/clk_IBUF_BUFG
    SLICE_X78Y65         FDRE                                         r  u_control/display_mode_reg[0]/C
  -------------------------------------------------------------------    -------------------
    SLICE_X78Y65         FDRE (Prop_fdre_C_Q)         0.433     5.144 f  u_control/display_mode_reg[0]/Q
                         net (fo=68, routed)          2.367     7.511    u_control/display_mode[0]
    SLICE_X82Y72         LUT2 (Prop_lut2_I1_O)        0.118     7.629 r  u_control/alarm_select[1]_i_2/O
                         net (fo=3, routed)           0.355     7.984    u_alarm/seg[6]_i_47_0[0]
    SLICE_X84Y71         LUT6 (Prop_lut6_I5_O)        0.268     8.252 f  u_alarm/seg[6]_i_92/O
                         net (fo=1, routed)           0.660     8.912    u_alarm/seg[6]_i_92_n_0
    SLICE_X83Y70         LUT6 (Prop_lut6_I0_O)        0.105     9.017 r  u_alarm/seg[6]_i_47/O
                         net (fo=1, routed)           0.000     9.017    u_display/display_data[0]
    SLICE_X83Y70         MUXF7 (Prop_muxf7_I1_O)      0.182     9.199 r  u_display/seg_reg[6]_i_18/O
                         net (fo=1, routed)           0.575     9.774    u_display/seg_reg[6]_i_18_n_0
    SLICE_X76Y70         LUT6 (Prop_lut6_I3_O)        0.252    10.026 r  u_display/seg[6]_i_7/O
                         net (fo=7, routed)           0.656    10.682    u_control/seg_reg[0]
    SLICE_X73Y69         LUT4 (Prop_lut4_I2_O)        0.105    10.787 r  u_control/seg[4]_i_1/O
                         net (fo=1, routed)           0.000    10.787    u_display/seg_reg[6]_0[4]
    SLICE_X73Y69         FDSE                                         r  u_display/seg_reg[4]/D
  -------------------------------------------------------------------    -------------------

                         (clock sys_clk rise edge)   20.000    20.000 r  
    Y18                                               0.000    20.000 r  clk (IN)
                         net (fo=0)                   0.000    20.000    clk
    Y18                  IBUF (Prop_ibuf_I_O)         1.409    21.409 r  clk_IBUF_inst/O
                         net (fo=1, routed)           1.620    23.030    clk_IBUF
    BUFGCTRL_X0Y0        BUFG (Prop_bufg_I_O)         0.077    23.107 r  clk_IBUF_BUFG_inst/O
                         net (fo=391, routed)         1.327    24.433    u_display/clk_IBUF_BUFG
    SLICE_X73Y69         FDSE                                         r  u_display/seg_reg[4]/C
                         clock pessimism              0.225    24.659    
                         clock uncertainty           -0.035    24.623    
    SLICE_X73Y69         FDSE (Setup_fdse_C_D)        0.032    24.655    u_display/seg_reg[4]
  -------------------------------------------------------------------
                         required time                         24.655    
                         arrival time                         -10.787    
  -------------------------------------------------------------------
                         slack                                 13.868    

Slack (MET) :             13.883ns  (required time - arrival time)
  Source:                 u_control/display_mode_reg[0]/C
                            (rising edge-triggered cell FDRE clocked by sys_clk  {rise@0.000ns fall@10.000ns period=20.000ns})
  Destination:            u_display/seg_reg[5]/D
                            (rising edge-triggered cell FDSE clocked by sys_clk  {rise@0.000ns fall@10.000ns period=20.000ns})
  Path Group:             sys_clk
  Path Type:              Setup (Max at Slow Process Corner)
  Requirement:            20.000ns  (sys_clk rise@20.000ns - sys_clk rise@0.000ns)
  Data Path Delay:        6.098ns  (logic 1.485ns (24.351%)  route 4.613ns (75.649%))
  Logic Levels:           6  (LUT2=1 LUT4=1 LUT6=3 MUXF7=1)
  Clock Path Skew:        -0.052ns (DCD - SCD + CPR)
    Destination Clock Delay (DCD):    4.433ns = ( 24.433 - 20.000 ) 
    Source Clock Delay      (SCD):    4.711ns
    Clock Pessimism Removal (CPR):    0.225ns
  Clock Uncertainty:      0.035ns  ((TSJ^2 + TIJ^2)^1/2 + DJ) / 2 + PE
    Total System Jitter     (TSJ):    0.071ns
    Total Input Jitter      (TIJ):    0.000ns
    Discrete Jitter          (DJ):    0.000ns
    Phase Error              (PE):    0.000ns

    Location             Delay type                Incr(ns)  Path(ns)    Netlist Resource(s)
  -------------------------------------------------------------------    -------------------
                         (clock sys_clk rise edge)    0.000     0.000 r  
    Y18                                               0.000     0.000 r  clk (IN)
                         net (fo=0)                   0.000     0.000    clk
    Y18                  IBUF (Prop_ibuf_I_O)         1.476     1.476 r  clk_IBUF_inst/O
                         net (fo=1, routed)           1.709     3.185    clk_IBUF
    BUFGCTRL_X0Y0        BUFG (Prop_bufg_I_O)         0.081     3.266 r  clk_IBUF_BUFG_inst/O
                         net (fo=391, routed)         1.445     4.711    u_control/clk_IBUF_BUFG
    SLICE_X78Y65         FDRE                                         r  u_control/display_mode_reg[0]/C
  -------------------------------------------------------------------    -------------------
    SLICE_X78Y65         FDRE (Prop_fdre_C_Q)         0.433     5.144 f  u_control/display_mode_reg[0]/Q
                         net (fo=68, routed)          2.367     7.511    u_control/display_mode[0]
    SLICE_X82Y72         LUT2 (Prop_lut2_I1_O)        0.118     7.629 r  u_control/alarm_select[1]_i_2/O
                         net (fo=3, routed)           0.355     7.984    u_alarm/seg[6]_i_47_0[0]
    SLICE_X84Y71         LUT6 (Prop_lut6_I5_O)        0.268     8.252 f  u_alarm/seg[6]_i_92/O
                         net (fo=1, routed)           0.660     8.912    u_alarm/seg[6]_i_92_n_0
    SLICE_X83Y70         LUT6 (Prop_lut6_I0_O)        0.105     9.017 r  u_alarm/seg[6]_i_47/O
                         net (fo=1, routed)           0.000     9.017    u_display/display_data[0]
    SLICE_X83Y70         MUXF7 (Prop_muxf7_I1_O)      0.182     9.199 r  u_display/seg_reg[6]_i_18/O
                         net (fo=1, routed)           0.575     9.774    u_display/seg_reg[6]_i_18_n_0
    SLICE_X76Y70         LUT6 (Prop_lut6_I3_O)        0.252    10.026 r  u_display/seg[6]_i_7/O
                         net (fo=7, routed)           0.656    10.682    u_control/seg_reg[0]
    SLICE_X73Y69         LUT4 (Prop_lut4_I2_O)        0.127    10.809 r  u_control/seg[5]_i_1/O
                         net (fo=1, routed)           0.000    10.809    u_display/seg_reg[6]_0[5]
    SLICE_X73Y69         FDSE                                         r  u_display/seg_reg[5]/D
  -------------------------------------------------------------------    -------------------

                         (clock sys_clk rise edge)   20.000    20.000 r  
    Y18                                               0.000    20.000 r  clk (IN)
                         net (fo=0)                   0.000    20.000    clk
    Y18                  IBUF (Prop_ibuf_I_O)         1.409    21.409 r  clk_IBUF_inst/O
                         net (fo=1, routed)           1.620    23.030    clk_IBUF
    BUFGCTRL_X0Y0        BUFG (Prop_bufg_I_O)         0.077    23.107 r  clk_IBUF_BUFG_inst/O
                         net (fo=391, routed)         1.327    24.433    u_display/clk_IBUF_BUFG
    SLICE_X73Y69         FDSE                                         r  u_display/seg_reg[5]/C
                         clock pessimism              0.225    24.659    
                         clock uncertainty           -0.035    24.623    
    SLICE_X73Y69         FDSE (Setup_fdse_C_D)        0.069    24.692    u_display/seg_reg[5]
  -------------------------------------------------------------------
                         required time                         24.692    
                         arrival time                         -10.809    
  -------------------------------------------------------------------
                         slack                                 13.883    

Slack (MET) :             13.942ns  (required time - arrival time)
  Source:                 u_control/display_mode_reg[0]/C
                            (rising edge-triggered cell FDRE clocked by sys_clk  {rise@0.000ns fall@10.000ns period=20.000ns})
  Destination:            u_display/seg_reg[1]/D
                            (rising edge-triggered cell FDSE clocked by sys_clk  {rise@0.000ns fall@10.000ns period=20.000ns})
  Path Group:             sys_clk
  Path Type:              Setup (Max at Slow Process Corner)
  Requirement:            20.000ns  (sys_clk rise@20.000ns - sys_clk rise@0.000ns)
  Data Path Delay:        6.002ns  (logic 1.463ns (24.374%)  route 4.539ns (75.626%))
  Logic Levels:           6  (LUT2=1 LUT4=1 LUT6=3 MUXF7=1)
  Clock Path Skew:        -0.052ns (DCD - SCD + CPR)
    Destination Clock Delay (DCD):    4.433ns = ( 24.433 - 20.000 ) 
    Source Clock Delay      (SCD):    4.711ns
    Clock Pessimism Removal (CPR):    0.225ns
  Clock Uncertainty:      0.035ns  ((TSJ^2 + TIJ^2)^1/2 + DJ) / 2 + PE
    Total System Jitter     (TSJ):    0.071ns
    Total Input Jitter      (TIJ):    0.000ns
    Discrete Jitter          (DJ):    0.000ns
    Phase Error              (PE):    0.000ns

    Location             Delay type                Incr(ns)  Path(ns)    Netlist Resource(s)
  -------------------------------------------------------------------    -------------------
                         (clock sys_clk rise edge)    0.000     0.000 r  
    Y18                                               0.000     0.000 r  clk (IN)
                         net (fo=0)                   0.000     0.000    clk
    Y18                  IBUF (Prop_ibuf_I_O)         1.476     1.476 r  clk_IBUF_inst/O
                         net (fo=1, routed)           1.709     3.185    clk_IBUF
    BUFGCTRL_X0Y0        BUFG (Prop_bufg_I_O)         0.081     3.266 r  clk_IBUF_BUFG_inst/O
                         net (fo=391, routed)         1.445     4.711    u_control/clk_IBUF_BUFG
    SLICE_X78Y65         FDRE                                         r  u_control/display_mode_reg[0]/C
  -------------------------------------------------------------------    -------------------
    SLICE_X78Y65         FDRE (Prop_fdre_C_Q)         0.433     5.144 f  u_control/display_mode_reg[0]/Q
                         net (fo=68, routed)          2.367     7.511    u_control/display_mode[0]
    SLICE_X82Y72         LUT2 (Prop_lut2_I1_O)        0.118     7.629 r  u_control/alarm_select[1]_i_2/O
                         net (fo=3, routed)           0.355     7.984    u_alarm/seg[6]_i_47_0[0]
    SLICE_X84Y71         LUT6 (Prop_lut6_I5_O)        0.268     8.252 f  u_alarm/seg[6]_i_92/O
                         net (fo=1, routed)           0.660     8.912    u_alarm/seg[6]_i_92_n_0
    SLICE_X83Y70         LUT6 (Prop_lut6_I0_O)        0.105     9.017 r  u_alarm/seg[6]_i_47/O
                         net (fo=1, routed)           0.000     9.017    u_display/display_data[0]
    SLICE_X83Y70         MUXF7 (Prop_muxf7_I1_O)      0.182     9.199 r  u_display/seg_reg[6]_i_18/O
                         net (fo=1, routed)           0.575     9.774    u_display/seg_reg[6]_i_18_n_0
    SLICE_X76Y70         LUT6 (Prop_lut6_I3_O)        0.252    10.026 r  u_display/seg[6]_i_7/O
                         net (fo=7, routed)           0.582    10.608    u_control/seg_reg[0]
    SLICE_X73Y69         LUT4 (Prop_lut4_I1_O)        0.105    10.713 r  u_control/seg[1]_i_1/O
                         net (fo=1, routed)           0.000    10.713    u_display/seg_reg[6]_0[1]
    SLICE_X73Y69         FDSE                                         r  u_display/seg_reg[1]/D
  -------------------------------------------------------------------    -------------------

                         (clock sys_clk rise edge)   20.000    20.000 r  
    Y18                                               0.000    20.000 r  clk (IN)
                         net (fo=0)                   0.000    20.000    clk
    Y18                  IBUF (Prop_ibuf_I_O)         1.409    21.409 r  clk_IBUF_inst/O
                         net (fo=1, routed)           1.620    23.030    clk_IBUF
    BUFGCTRL_X0Y0        BUFG (Prop_bufg_I_O)         0.077    23.107 r  clk_IBUF_BUFG_inst/O
                         net (fo=391, routed)         1.327    24.433    u_display/clk_IBUF_BUFG
    SLICE_X73Y69         FDSE                                         r  u_display/seg_reg[1]/C
                         clock pessimism              0.225    24.659    
                         clock uncertainty           -0.035    24.623    
    SLICE_X73Y69         FDSE (Setup_fdse_C_D)        0.032    24.655    u_display/seg_reg[1]
  -------------------------------------------------------------------
                         required time                         24.655    
                         arrival time                         -10.713    
  -------------------------------------------------------------------
                         slack                                 13.942    

Slack (MET) :             13.944ns  (required time - arrival time)
  Source:                 u_control/display_mode_reg[0]/C
                            (rising edge-triggered cell FDRE clocked by sys_clk  {rise@0.000ns fall@10.000ns period=20.000ns})
  Destination:            u_display/seg_reg[0]/D
                            (rising edge-triggered cell FDSE clocked by sys_clk  {rise@0.000ns fall@10.000ns period=20.000ns})
  Path Group:             sys_clk
  Path Type:              Setup (Max at Slow Process Corner)
  Requirement:            20.000ns  (sys_clk rise@20.000ns - sys_clk rise@0.000ns)
  Data Path Delay:        5.998ns  (logic 1.463ns (24.391%)  route 4.535ns (75.609%))
  Logic Levels:           6  (LUT2=1 LUT4=1 LUT6=3 MUXF7=1)
  Clock Path Skew:        -0.052ns (DCD - SCD + CPR)
    Destination Clock Delay (DCD):    4.433ns = ( 24.433 - 20.000 ) 
    Source Clock Delay      (SCD):    4.711ns
    Clock Pessimism Removal (CPR):    0.225ns
  Clock Uncertainty:      0.035ns  ((TSJ^2 + TIJ^2)^1/2 + DJ) / 2 + PE
    Total System Jitter     (TSJ):    0.071ns
    Total Input Jitter      (TIJ):    0.000ns
    Discrete Jitter          (DJ):    0.000ns
    Phase Error              (PE):    0.000ns

    Location             Delay type                Incr(ns)  Path(ns)    Netlist Resource(s)
  -------------------------------------------------------------------    -------------------
                         (clock sys_clk rise edge)    0.000     0.000 r  
    Y18                                               0.000     0.000 r  clk (IN)
                         net (fo=0)                   0.000     0.000    clk
    Y18                  IBUF (Prop_ibuf_I_O)         1.476     1.476 r  clk_IBUF_inst/O
                         net (fo=1, routed)           1.709     3.185    clk_IBUF
    BUFGCTRL_X0Y0        BUFG (Prop_bufg_I_O)         0.081     3.266 r  clk_IBUF_BUFG_inst/O
                         net (fo=391, routed)         1.445     4.711    u_control/clk_IBUF_BUFG
    SLICE_X78Y65         FDRE                                         r  u_control/display_mode_reg[0]/C
  -------------------------------------------------------------------    -------------------
    SLICE_X78Y65         FDRE (Prop_fdre_C_Q)         0.433     5.144 f  u_control/display_mode_reg[0]/Q
                         net (fo=68, routed)          2.367     7.511    u_control/display_mode[0]
    SLICE_X82Y72         LUT2 (Prop_lut2_I1_O)        0.118     7.629 r  u_control/alarm_select[1]_i_2/O
                         net (fo=3, routed)           0.355     7.984    u_alarm/seg[6]_i_47_0[0]
    SLICE_X84Y71         LUT6 (Prop_lut6_I5_O)        0.268     8.252 f  u_alarm/seg[6]_i_92/O
                         net (fo=1, routed)           0.660     8.912    u_alarm/seg[6]_i_92_n_0
    SLICE_X83Y70         LUT6 (Prop_lut6_I0_O)        0.105     9.017 r  u_alarm/seg[6]_i_47/O
                         net (fo=1, routed)           0.000     9.017    u_display/display_data[0]
    SLICE_X83Y70         MUXF7 (Prop_muxf7_I1_O)      0.182     9.199 r  u_display/seg_reg[6]_i_18/O
                         net (fo=1, routed)           0.575     9.774    u_display/seg_reg[6]_i_18_n_0
    SLICE_X76Y70         LUT6 (Prop_lut6_I3_O)        0.252    10.026 r  u_display/seg[6]_i_7/O
                         net (fo=7, routed)           0.578    10.604    u_control/seg_reg[0]
    SLICE_X73Y69         LUT4 (Prop_lut4_I0_O)        0.105    10.709 r  u_control/seg[0]_i_1/O
                         net (fo=1, routed)           0.000    10.709    u_display/seg_reg[6]_0[0]
    SLICE_X73Y69         FDSE                                         r  u_display/seg_reg[0]/D
  -------------------------------------------------------------------    -------------------

                         (clock sys_clk rise edge)   20.000    20.000 r  
    Y18                                               0.000    20.000 r  clk (IN)
                         net (fo=0)                   0.000    20.000    clk
    Y18                  IBUF (Prop_ibuf_I_O)         1.409    21.409 r  clk_IBUF_inst/O
                         net (fo=1, routed)           1.620    23.030    clk_IBUF
    BUFGCTRL_X0Y0        BUFG (Prop_bufg_I_O)         0.077    23.107 r  clk_IBUF_BUFG_inst/O
                         net (fo=391, routed)         1.327    24.433    u_display/clk_IBUF_BUFG
    SLICE_X73Y69         FDSE                                         r  u_display/seg_reg[0]/C
                         clock pessimism              0.225    24.659    
                         clock uncertainty           -0.035    24.623    
    SLICE_X73Y69         FDSE (Setup_fdse_C_D)        0.030    24.653    u_display/seg_reg[0]
  -------------------------------------------------------------------
                         required time                         24.653    
                         arrival time                         -10.709    
  -------------------------------------------------------------------
                         slack                                 13.944    

Slack (MET) :             13.976ns  (required time - arrival time)
  Source:                 u_control/display_mode_reg[0]/C
                            (rising edge-triggered cell FDRE clocked by sys_clk  {rise@0.000ns fall@10.000ns period=20.000ns})
  Destination:            u_display/seg_reg[2]/D
                            (rising edge-triggered cell FDSE clocked by sys_clk  {rise@0.000ns fall@10.000ns period=20.000ns})
  Path Group:             sys_clk
  Path Type:              Setup (Max at Slow Process Corner)
  Requirement:            20.000ns  (sys_clk rise@20.000ns - sys_clk rise@0.000ns)
  Data Path Delay:        6.005ns  (logic 1.466ns (24.412%)  route 4.539ns (75.588%))
  Logic Levels:           6  (LUT2=1 LUT4=1 LUT6=3 MUXF7=1)
  Clock Path Skew:        -0.052ns (DCD - SCD + CPR)
    Destination Clock Delay (DCD):    4.433ns = ( 24.433 - 20.000 ) 
    Source Clock Delay      (SCD):    4.711ns
    Clock Pessimism Removal (CPR):    0.225ns
  Clock Uncertainty:      0.035ns  ((TSJ^2 + TIJ^2)^1/2 + DJ) / 2 + PE
    Total System Jitter     (TSJ):    0.071ns
    Total Input Jitter      (TIJ):    0.000ns
    Discrete Jitter          (DJ):    0.000ns
    Phase Error              (PE):    0.000ns

    Location             Delay type                Incr(ns)  Path(ns)    Netlist Resource(s)
  -------------------------------------------------------------------    -------------------
                         (clock sys_clk rise edge)    0.000     0.000 r  
    Y18                                               0.000     0.000 r  clk (IN)
                         net (fo=0)                   0.000     0.000    clk
    Y18                  IBUF (Prop_ibuf_I_O)         1.476     1.476 r  clk_IBUF_inst/O
                         net (fo=1, routed)           1.709     3.185    clk_IBUF
    BUFGCTRL_X0Y0        BUFG (Prop_bufg_I_O)         0.081     3.266 r  clk_IBUF_BUFG_inst/O
                         net (fo=391, routed)         1.445     4.711    u_control/clk_IBUF_BUFG
    SLICE_X78Y65         FDRE                                         r  u_control/display_mode_reg[0]/C
  -------------------------------------------------------------------    -------------------
    SLICE_X78Y65         FDRE (Prop_fdre_C_Q)         0.433     5.144 f  u_control/display_mode_reg[0]/Q
                         net (fo=68, routed)          2.367     7.511    u_control/display_mode[0]
    SLICE_X82Y72         LUT2 (Prop_lut2_I1_O)        0.118     7.629 r  u_control/alarm_select[1]_i_2/O
                         net (fo=3, routed)           0.355     7.984    u_alarm/seg[6]_i_47_0[0]
    SLICE_X84Y71         LUT6 (Prop_lut6_I5_O)        0.268     8.252 f  u_alarm/seg[6]_i_92/O
                         net (fo=1, routed)           0.660     8.912    u_alarm/seg[6]_i_92_n_0
    SLICE_X83Y70         LUT6 (Prop_lut6_I0_O)        0.105     9.017 r  u_alarm/seg[6]_i_47/O
                         net (fo=1, routed)           0.000     9.017    u_display/display_data[0]
    SLICE_X83Y70         MUXF7 (Prop_muxf7_I1_O)      0.182     9.199 r  u_display/seg_reg[6]_i_18/O
                         net (fo=1, routed)           0.575     9.774    u_display/seg_reg[6]_i_18_n_0
    SLICE_X76Y70         LUT6 (Prop_lut6_I3_O)        0.252    10.026 r  u_display/seg[6]_i_7/O
                         net (fo=7, routed)           0.582    10.608    u_control/seg_reg[0]
    SLICE_X73Y69         LUT4 (Prop_lut4_I3_O)        0.108    10.716 r  u_control/seg[2]_i_1/O
                         net (fo=1, routed)           0.000    10.716    u_display/seg_reg[6]_0[2]
    SLICE_X73Y69         FDSE                                         r  u_display/seg_reg[2]/D
  -------------------------------------------------------------------    -------------------

                         (clock sys_clk rise edge)   20.000    20.000 r  
    Y18                                               0.000    20.000 r  clk (IN)
                         net (fo=0)                   0.000    20.000    clk
    Y18                  IBUF (Prop_ibuf_I_O)         1.409    21.409 r  clk_IBUF_inst/O
                         net (fo=1, routed)           1.620    23.030    clk_IBUF
    BUFGCTRL_X0Y0        BUFG (Prop_bufg_I_O)         0.077    23.107 r  clk_IBUF_BUFG_inst/O
                         net (fo=391, routed)         1.327    24.433    u_display/clk_IBUF_BUFG
    SLICE_X73Y69         FDSE                                         r  u_display/seg_reg[2]/C
                         clock pessimism              0.225    24.659    
                         clock uncertainty           -0.035    24.623    
    SLICE_X73Y69         FDSE (Setup_fdse_C_D)        0.069    24.692    u_display/seg_reg[2]
  -------------------------------------------------------------------
                         required time                         24.692    
                         arrival time                         -10.716    
  -------------------------------------------------------------------
                         slack                                 13.976    

Slack (MET) :             13.980ns  (required time - arrival time)
  Source:                 u_control/display_mode_reg[0]/C
                            (rising edge-triggered cell FDRE clocked by sys_clk  {rise@0.000ns fall@10.000ns period=20.000ns})
  Destination:            u_display/seg_reg[3]/D
                            (rising edge-triggered cell FDSE clocked by sys_clk  {rise@0.000ns fall@10.000ns period=20.000ns})
  Path Group:             sys_clk
  Path Type:              Setup (Max at Slow Process Corner)
  Requirement:            20.000ns  (sys_clk rise@20.000ns - sys_clk rise@0.000ns)
  Data Path Delay:        6.001ns  (logic 1.466ns (24.428%)  route 4.535ns (75.572%))
  Logic Levels:           6  (LUT2=1 LUT4=1 LUT6=3 MUXF7=1)
  Clock Path Skew:        -0.052ns (DCD - SCD + CPR)
    Destination Clock Delay (DCD):    4.433ns = ( 24.433 - 20.000 ) 
    Source Clock Delay      (SCD):    4.711ns
    Clock Pessimism Removal (CPR):    0.225ns
  Clock Uncertainty:      0.035ns  ((TSJ^2 + TIJ^2)^1/2 + DJ) / 2 + PE
    Total System Jitter     (TSJ):    0.071ns
    Total Input Jitter      (TIJ):    0.000ns
    Discrete Jitter          (DJ):    0.000ns
    Phase Error              (PE):    0.000ns

    Location             Delay type                Incr(ns)  Path(ns)    Netlist Resource(s)
  -------------------------------------------------------------------    -------------------
                         (clock sys_clk rise edge)    0.000     0.000 r  
    Y18                                               0.000     0.000 r  clk (IN)
                         net (fo=0)                   0.000     0.000    clk
    Y18                  IBUF (Prop_ibuf_I_O)         1.476     1.476 r  clk_IBUF_inst/O
                         net (fo=1, routed)           1.709     3.185    clk_IBUF
    BUFGCTRL_X0Y0        BUFG (Prop_bufg_I_O)         0.081     3.266 r  clk_IBUF_BUFG_inst/O
                         net (fo=391, routed)         1.445     4.711    u_control/clk_IBUF_BUFG
    SLICE_X78Y65         FDRE                                         r  u_control/display_mode_reg[0]/C
  -------------------------------------------------------------------    -------------------
    SLICE_X78Y65         FDRE (Prop_fdre_C_Q)         0.433     5.144 f  u_control/display_mode_reg[0]/Q
                         net (fo=68, routed)          2.367     7.511    u_control/display_mode[0]
    SLICE_X82Y72         LUT2 (Prop_lut2_I1_O)        0.118     7.629 r  u_control/alarm_select[1]_i_2/O
                         net (fo=3, routed)           0.355     7.984    u_alarm/seg[6]_i_47_0[0]
    SLICE_X84Y71         LUT6 (Prop_lut6_I5_O)        0.268     8.252 f  u_alarm/seg[6]_i_92/O
                         net (fo=1, routed)           0.660     8.912    u_alarm/seg[6]_i_92_n_0
    SLICE_X83Y70         LUT6 (Prop_lut6_I0_O)        0.105     9.017 r  u_alarm/seg[6]_i_47/O
                         net (fo=1, routed)           0.000     9.017    u_display/display_data[0]
    SLICE_X83Y70         MUXF7 (Prop_muxf7_I1_O)      0.182     9.199 r  u_display/seg_reg[6]_i_18/O
                         net (fo=1, routed)           0.575     9.774    u_display/seg_reg[6]_i_18_n_0
    SLICE_X76Y70         LUT6 (Prop_lut6_I3_O)        0.252    10.026 r  u_display/seg[6]_i_7/O
                         net (fo=7, routed)           0.578    10.604    u_control/seg_reg[0]
    SLICE_X73Y69         LUT4 (Prop_lut4_I0_O)        0.108    10.712 r  u_control/seg[3]_i_1/O
                         net (fo=1, routed)           0.000    10.712    u_display/seg_reg[6]_0[3]
    SLICE_X73Y69         FDSE                                         r  u_display/seg_reg[3]/D
  -------------------------------------------------------------------    -------------------

                         (clock sys_clk rise edge)   20.000    20.000 r  
    Y18                                               0.000    20.000 r  clk (IN)
                         net (fo=0)                   0.000    20.000    clk
    Y18                  IBUF (Prop_ibuf_I_O)         1.409    21.409 r  clk_IBUF_inst/O
                         net (fo=1, routed)           1.620    23.030    clk_IBUF
    BUFGCTRL_X0Y0        BUFG (Prop_bufg_I_O)         0.077    23.107 r  clk_IBUF_BUFG_inst/O
                         net (fo=391, routed)         1.327    24.433    u_display/clk_IBUF_BUFG
    SLICE_X73Y69         FDSE                                         r  u_display/seg_reg[3]/C
                         clock pessimism              0.225    24.659    
                         clock uncertainty           -0.035    24.623    
    SLICE_X73Y69         FDSE (Setup_fdse_C_D)        0.069    24.692    u_display/seg_reg[3]
  -------------------------------------------------------------------
                         required time                         24.692    
                         arrival time                         -10.712    
  -------------------------------------------------------------------
                         slack                                 13.980    

Slack (MET) :             14.061ns  (required time - arrival time)
  Source:                 power_on_done_reg/C
                            (rising edge-triggered cell FDRE clocked by sys_clk  {rise@0.000ns fall@10.000ns period=20.000ns})
  Destination:            u_display/blink_count_reg[24]/R
                            (rising edge-triggered cell FDRE clocked by sys_clk  {rise@0.000ns fall@10.000ns period=20.000ns})
  Path Group:             sys_clk
  Path Type:              Setup (Max at Slow Process Corner)
  Requirement:            20.000ns  (sys_clk rise@20.000ns - sys_clk rise@0.000ns)
  Data Path Delay:        5.584ns  (logic 0.643ns (11.516%)  route 4.941ns (88.484%))
  Logic Levels:           2  (LUT6=2)
  Clock Path Skew:        0.032ns (DCD - SCD + CPR)
    Destination Clock Delay (DCD):    4.432ns = ( 24.432 - 20.000 ) 
    Source Clock Delay      (SCD):    4.626ns
    Clock Pessimism Removal (CPR):    0.225ns
  Clock Uncertainty:      0.035ns  ((TSJ^2 + TIJ^2)^1/2 + DJ) / 2 + PE
    Total System Jitter     (TSJ):    0.071ns
    Total Input Jitter      (TIJ):    0.000ns
    Discrete Jitter          (DJ):    0.000ns
    Phase Error              (PE):    0.000ns

    Location             Delay type                Incr(ns)  Path(ns)    Netlist Resource(s)
  -------------------------------------------------------------------    -------------------
                         (clock sys_clk rise edge)    0.000     0.000 r  
    Y18                                               0.000     0.000 r  clk (IN)
                         net (fo=0)                   0.000     0.000    clk
    Y18                  IBUF (Prop_ibuf_I_O)         1.476     1.476 r  clk_IBUF_inst/O
                         net (fo=1, routed)           1.709     3.185    clk_IBUF
    BUFGCTRL_X0Y0        BUFG (Prop_bufg_I_O)         0.081     3.266 r  clk_IBUF_BUFG_inst/O
                         net (fo=391, routed)         1.360     4.626    clk_IBUF_BUFG
    SLICE_X70Y73         FDRE                                         r  power_on_done_reg/C
  -------------------------------------------------------------------    -------------------
    SLICE_X70Y73         FDRE (Prop_fdre_C_Q)         0.433     5.059 f  power_on_done_reg/Q
                         net (fo=3, routed)           0.259     5.318    u_display/refresh_count_reg[0]_0
    SLICE_X70Y72         LUT6 (Prop_lut6_I0_O)        0.105     5.423 r  u_display/sync0[3]_i_1/O
                         net (fo=155, routed)         3.906     9.329    u_display/rst
    SLICE_X75Y75         LUT6 (Prop_lut6_I5_O)        0.105     9.434 r  u_display/blink_count[0]_i_1/O
                         net (fo=25, routed)          0.775    10.209    u_display/blink_count[0]_i_1_n_0
    SLICE_X73Y79         FDRE                                         r  u_display/blink_count_reg[24]/R
  -------------------------------------------------------------------    -------------------

                         (clock sys_clk rise edge)   20.000    20.000 r  
    Y18                                               0.000    20.000 r  clk (IN)
                         net (fo=0)                   0.000    20.000    clk
    Y18                  IBUF (Prop_ibuf_I_O)         1.409    21.409 r  clk_IBUF_inst/O
                         net (fo=1, routed)           1.620    23.030    clk_IBUF
    BUFGCTRL_X0Y0        BUFG (Prop_bufg_I_O)         0.077    23.107 r  clk_IBUF_BUFG_inst/O
                         net (fo=391, routed)         1.326    24.432    u_display/clk_IBUF_BUFG
    SLICE_X73Y79         FDRE                                         r  u_display/blink_count_reg[24]/C
                         clock pessimism              0.225    24.658    
                         clock uncertainty           -0.035    24.622    
    SLICE_X73Y79         FDRE (Setup_fdre_C_R)       -0.352    24.270    u_display/blink_count_reg[24]
  -------------------------------------------------------------------
                         required time                         24.270    
                         arrival time                         -10.209    
  -------------------------------------------------------------------
                         slack                                 14.061    

Slack (MET) :             14.064ns  (required time - arrival time)
  Source:                 u_control/display_mode_reg[0]/C
                            (rising edge-triggered cell FDRE clocked by sys_clk  {rise@0.000ns fall@10.000ns period=20.000ns})
  Destination:            u_display/seg_reg[6]/D
                            (rising edge-triggered cell FDSE clocked by sys_clk  {rise@0.000ns fall@10.000ns period=20.000ns})
  Path Group:             sys_clk
  Path Type:              Setup (Max at Slow Process Corner)
  Requirement:            20.000ns  (sys_clk rise@20.000ns - sys_clk rise@0.000ns)
  Data Path Delay:        5.881ns  (logic 1.463ns (24.876%)  route 4.418ns (75.124%))
  Logic Levels:           6  (LUT2=1 LUT4=1 LUT6=3 MUXF7=1)
  Clock Path Skew:        -0.052ns (DCD - SCD + CPR)
    Destination Clock Delay (DCD):    4.433ns = ( 24.433 - 20.000 ) 
    Source Clock Delay      (SCD):    4.711ns
    Clock Pessimism Removal (CPR):    0.225ns
  Clock Uncertainty:      0.035ns  ((TSJ^2 + TIJ^2)^1/2 + DJ) / 2 + PE
    Total System Jitter     (TSJ):    0.071ns
    Total Input Jitter      (TIJ):    0.000ns
    Discrete Jitter          (DJ):    0.000ns
    Phase Error              (PE):    0.000ns

    Location             Delay type                Incr(ns)  Path(ns)    Netlist Resource(s)
  -------------------------------------------------------------------    -------------------
                         (clock sys_clk rise edge)    0.000     0.000 r  
    Y18                                               0.000     0.000 r  clk (IN)
                         net (fo=0)                   0.000     0.000    clk
    Y18                  IBUF (Prop_ibuf_I_O)         1.476     1.476 r  clk_IBUF_inst/O
                         net (fo=1, routed)           1.709     3.185    clk_IBUF
    BUFGCTRL_X0Y0        BUFG (Prop_bufg_I_O)         0.081     3.266 r  clk_IBUF_BUFG_inst/O
                         net (fo=391, routed)         1.445     4.711    u_control/clk_IBUF_BUFG
    SLICE_X78Y65         FDRE                                         r  u_control/display_mode_reg[0]/C
  -------------------------------------------------------------------    -------------------
    SLICE_X78Y65         FDRE (Prop_fdre_C_Q)         0.433     5.144 f  u_control/display_mode_reg[0]/Q
                         net (fo=68, routed)          2.367     7.511    u_control/display_mode[0]
    SLICE_X82Y72         LUT2 (Prop_lut2_I1_O)        0.118     7.629 r  u_control/alarm_select[1]_i_2/O
                         net (fo=3, routed)           0.355     7.984    u_alarm/seg[6]_i_47_0[0]
    SLICE_X84Y71         LUT6 (Prop_lut6_I5_O)        0.268     8.252 f  u_alarm/seg[6]_i_92/O
                         net (fo=1, routed)           0.660     8.912    u_alarm/seg[6]_i_92_n_0
    SLICE_X83Y70         LUT6 (Prop_lut6_I0_O)        0.105     9.017 r  u_alarm/seg[6]_i_47/O
                         net (fo=1, routed)           0.000     9.017    u_display/display_data[0]
    SLICE_X83Y70         MUXF7 (Prop_muxf7_I1_O)      0.182     9.199 r  u_display/seg_reg[6]_i_18/O
                         net (fo=1, routed)           0.575     9.774    u_display/seg_reg[6]_i_18_n_0
    SLICE_X76Y70         LUT6 (Prop_lut6_I3_O)        0.252    10.026 r  u_display/seg[6]_i_7/O
                         net (fo=7, routed)           0.461    10.487    u_control/seg_reg[0]
    SLICE_X73Y69         LUT4 (Prop_lut4_I2_O)        0.105    10.592 r  u_control/seg[6]_i_2/O
                         net (fo=1, routed)           0.000    10.592    u_display/seg_reg[6]_0[6]
    SLICE_X73Y69         FDSE                                         r  u_display/seg_reg[6]/D
  -------------------------------------------------------------------    -------------------

                         (clock sys_clk rise edge)   20.000    20.000 r  
    Y18                                               0.000    20.000 r  clk (IN)
                         net (fo=0)                   0.000    20.000    clk
    Y18                  IBUF (Prop_ibuf_I_O)         1.409    21.409 r  clk_IBUF_inst/O
                         net (fo=1, routed)           1.620    23.030    clk_IBUF
    BUFGCTRL_X0Y0        BUFG (Prop_bufg_I_O)         0.077    23.107 r  clk_IBUF_BUFG_inst/O
                         net (fo=391, routed)         1.327    24.433    u_display/clk_IBUF_BUFG
    SLICE_X73Y69         FDSE                                         r  u_display/seg_reg[6]/C
                         clock pessimism              0.225    24.659    
                         clock uncertainty           -0.035    24.623    
    SLICE_X73Y69         FDSE (Setup_fdse_C_D)        0.033    24.656    u_display/seg_reg[6]
  -------------------------------------------------------------------
                         required time                         24.656    
                         arrival time                         -10.592    
  -------------------------------------------------------------------
                         slack                                 14.064    

Slack (MET) :             14.074ns  (required time - arrival time)
  Source:                 power_on_done_reg/C
                            (rising edge-triggered cell FDRE clocked by sys_clk  {rise@0.000ns fall@10.000ns period=20.000ns})
  Destination:            u_alarm/phase_count_reg[0]/R
                            (rising edge-triggered cell FDRE clocked by sys_clk  {rise@0.000ns fall@10.000ns period=20.000ns})
  Path Group:             sys_clk
  Path Type:              Setup (Max at Slow Process Corner)
  Requirement:            20.000ns  (sys_clk rise@20.000ns - sys_clk rise@0.000ns)
  Data Path Delay:        5.424ns  (logic 0.762ns (14.049%)  route 4.662ns (85.951%))
  Logic Levels:           3  (LUT4=1 LUT5=1 LUT6=1)
  Clock Path Skew:        0.048ns (DCD - SCD + CPR)
    Destination Clock Delay (DCD):    4.448ns = ( 24.448 - 20.000 ) 
    Source Clock Delay      (SCD):    4.626ns
    Clock Pessimism Removal (CPR):    0.225ns
  Clock Uncertainty:      0.035ns  ((TSJ^2 + TIJ^2)^1/2 + DJ) / 2 + PE
    Total System Jitter     (TSJ):    0.071ns
    Total Input Jitter      (TIJ):    0.000ns
    Discrete Jitter          (DJ):    0.000ns
    Phase Error              (PE):    0.000ns

    Location             Delay type                Incr(ns)  Path(ns)    Netlist Resource(s)
  -------------------------------------------------------------------    -------------------
                         (clock sys_clk rise edge)    0.000     0.000 r  
    Y18                                               0.000     0.000 r  clk (IN)
                         net (fo=0)                   0.000     0.000    clk
    Y18                  IBUF (Prop_ibuf_I_O)         1.476     1.476 r  clk_IBUF_inst/O
                         net (fo=1, routed)           1.709     3.185    clk_IBUF
    BUFGCTRL_X0Y0        BUFG (Prop_bufg_I_O)         0.081     3.266 r  clk_IBUF_BUFG_inst/O
                         net (fo=391, routed)         1.360     4.626    clk_IBUF_BUFG
    SLICE_X70Y73         FDRE                                         r  power_on_done_reg/C
  -------------------------------------------------------------------    -------------------
    SLICE_X70Y73         FDRE (Prop_fdre_C_Q)         0.433     5.059 f  power_on_done_reg/Q
                         net (fo=3, routed)           0.259     5.318    u_display/refresh_count_reg[0]_0
    SLICE_X70Y72         LUT6 (Prop_lut6_I0_O)        0.105     5.423 r  u_display/sync0[3]_i_1/O
                         net (fo=155, routed)         3.044     8.467    u_control/rst
    SLICE_X84Y64         LUT4 (Prop_lut4_I3_O)        0.105     8.572 r  u_control/waiting_i_4/O
                         net (fo=4, routed)           0.954     9.526    u_alarm/waiting_reg_0
    SLICE_X84Y68         LUT5 (Prop_lut5_I0_O)        0.119     9.645 r  u_alarm/phase_count[3]_i_1/O
                         net (fo=4, routed)           0.404    10.049    u_alarm/phase_count[3]_i_1_n_0
    SLICE_X85Y68         FDRE                                         r  u_alarm/phase_count_reg[0]/R
  -------------------------------------------------------------------    -------------------

                         (clock sys_clk rise edge)   20.000    20.000 r  
    Y18                                               0.000    20.000 r  clk (IN)
                         net (fo=0)                   0.000    20.000    clk
    Y18                  IBUF (Prop_ibuf_I_O)         1.409    21.409 r  clk_IBUF_inst/O
                         net (fo=1, routed)           1.620    23.030    clk_IBUF
    BUFGCTRL_X0Y0        BUFG (Prop_bufg_I_O)         0.077    23.107 r  clk_IBUF_BUFG_inst/O
                         net (fo=391, routed)         1.342    24.448    u_alarm/clk_IBUF_BUFG
    SLICE_X85Y68         FDRE                                         r  u_alarm/phase_count_reg[0]/C
                         clock pessimism              0.225    24.674    
                         clock uncertainty           -0.035    24.638    
    SLICE_X85Y68         FDRE (Setup_fdre_C_R)       -0.515    24.123    u_alarm/phase_count_reg[0]
  -------------------------------------------------------------------
                         required time                         24.123    
                         arrival time                         -10.049    
  -------------------------------------------------------------------
                         slack                                 14.074    

Slack (MET) :             14.074ns  (required time - arrival time)
  Source:                 power_on_done_reg/C
                            (rising edge-triggered cell FDRE clocked by sys_clk  {rise@0.000ns fall@10.000ns period=20.000ns})
  Destination:            u_alarm/phase_count_reg[1]/R
                            (rising edge-triggered cell FDRE clocked by sys_clk  {rise@0.000ns fall@10.000ns period=20.000ns})
  Path Group:             sys_clk
  Path Type:              Setup (Max at Slow Process Corner)
  Requirement:            20.000ns  (sys_clk rise@20.000ns - sys_clk rise@0.000ns)
  Data Path Delay:        5.424ns  (logic 0.762ns (14.049%)  route 4.662ns (85.951%))
  Logic Levels:           3  (LUT4=1 LUT5=1 LUT6=1)
  Clock Path Skew:        0.048ns (DCD - SCD + CPR)
    Destination Clock Delay (DCD):    4.448ns = ( 24.448 - 20.000 ) 
    Source Clock Delay      (SCD):    4.626ns
    Clock Pessimism Removal (CPR):    0.225ns
  Clock Uncertainty:      0.035ns  ((TSJ^2 + TIJ^2)^1/2 + DJ) / 2 + PE
    Total System Jitter     (TSJ):    0.071ns
    Total Input Jitter      (TIJ):    0.000ns
    Discrete Jitter          (DJ):    0.000ns
    Phase Error              (PE):    0.000ns

    Location             Delay type                Incr(ns)  Path(ns)    Netlist Resource(s)
  -------------------------------------------------------------------    -------------------
                         (clock sys_clk rise edge)    0.000     0.000 r  
    Y18                                               0.000     0.000 r  clk (IN)
                         net (fo=0)                   0.000     0.000    clk
    Y18                  IBUF (Prop_ibuf_I_O)         1.476     1.476 r  clk_IBUF_inst/O
                         net (fo=1, routed)           1.709     3.185    clk_IBUF
    BUFGCTRL_X0Y0        BUFG (Prop_bufg_I_O)         0.081     3.266 r  clk_IBUF_BUFG_inst/O
                         net (fo=391, routed)         1.360     4.626    clk_IBUF_BUFG
    SLICE_X70Y73         FDRE                                         r  power_on_done_reg/C
  -------------------------------------------------------------------    -------------------
    SLICE_X70Y73         FDRE (Prop_fdre_C_Q)         0.433     5.059 f  power_on_done_reg/Q
                         net (fo=3, routed)           0.259     5.318    u_display/refresh_count_reg[0]_0
    SLICE_X70Y72         LUT6 (Prop_lut6_I0_O)        0.105     5.423 r  u_display/sync0[3]_i_1/O
                         net (fo=155, routed)         3.044     8.467    u_control/rst
    SLICE_X84Y64         LUT4 (Prop_lut4_I3_O)        0.105     8.572 r  u_control/waiting_i_4/O
                         net (fo=4, routed)           0.954     9.526    u_alarm/waiting_reg_0
    SLICE_X84Y68         LUT5 (Prop_lut5_I0_O)        0.119     9.645 r  u_alarm/phase_count[3]_i_1/O
                         net (fo=4, routed)           0.404    10.049    u_alarm/phase_count[3]_i_1_n_0
    SLICE_X85Y68         FDRE                                         r  u_alarm/phase_count_reg[1]/R
  -------------------------------------------------------------------    -------------------

                         (clock sys_clk rise edge)   20.000    20.000 r  
    Y18                                               0.000    20.000 r  clk (IN)
                         net (fo=0)                   0.000    20.000    clk
    Y18                  IBUF (Prop_ibuf_I_O)         1.409    21.409 r  clk_IBUF_inst/O
                         net (fo=1, routed)           1.620    23.030    clk_IBUF
    BUFGCTRL_X0Y0        BUFG (Prop_bufg_I_O)         0.077    23.107 r  clk_IBUF_BUFG_inst/O
                         net (fo=391, routed)         1.342    24.448    u_alarm/clk_IBUF_BUFG
    SLICE_X85Y68         FDRE                                         r  u_alarm/phase_count_reg[1]/C
                         clock pessimism              0.225    24.674    
                         clock uncertainty           -0.035    24.638    
    SLICE_X85Y68         FDRE (Setup_fdre_C_R)       -0.515    24.123    u_alarm/phase_count_reg[1]
  -------------------------------------------------------------------
                         required time                         24.123    
                         arrival time                         -10.049    
  -------------------------------------------------------------------
                         slack                                 14.074    





Min Delay Paths
--------------------------------------------------------------------------------------
Slack (MET) :             0.129ns  (arrival time - required time)
  Source:                 u_time/hour_reg[5]/C
                            (rising edge-triggered cell FDRE clocked by sys_clk  {rise@0.000ns fall@10.000ns period=20.000ns})
  Destination:            u_time/hour_reg[4]/D
                            (rising edge-triggered cell FDRE clocked by sys_clk  {rise@0.000ns fall@10.000ns period=20.000ns})
  Path Group:             sys_clk
  Path Type:              Hold (Min at Fast Process Corner)
  Requirement:            0.000ns  (sys_clk rise@0.000ns - sys_clk rise@0.000ns)
  Data Path Delay:        0.263ns  (logic 0.186ns (70.827%)  route 0.077ns (29.173%))
  Logic Levels:           1  (LUT6=1)
  Clock Path Skew:        0.013ns (DCD - SCD - CPR)
    Destination Clock Delay (DCD):    2.081ns
    Source Clock Delay      (SCD):    1.566ns
    Clock Pessimism Removal (CPR):    0.502ns

    Location             Delay type                Incr(ns)  Path(ns)    Netlist Resource(s)
  -------------------------------------------------------------------    -------------------
                         (clock sys_clk rise edge)    0.000     0.000 r  
    Y18                                               0.000     0.000 r  clk (IN)
                         net (fo=0)                   0.000     0.000    clk
    Y18                  IBUF (Prop_ibuf_I_O)         0.312     0.312 r  clk_IBUF_inst/O
                         net (fo=1, routed)           0.640     0.952    clk_IBUF
    BUFGCTRL_X0Y0        BUFG (Prop_bufg_I_O)         0.026     0.978 r  clk_IBUF_BUFG_inst/O
                         net (fo=391, routed)         0.588     1.566    u_time/clk_IBUF_BUFG
    SLICE_X79Y72         FDRE                                         r  u_time/hour_reg[5]/C
  -------------------------------------------------------------------    -------------------
    SLICE_X79Y72         FDRE (Prop_fdre_C_Q)         0.141     1.707 r  u_time/hour_reg[5]/Q
                         net (fo=14, routed)          0.077     1.783    u_time/Q[3]
    SLICE_X78Y72         LUT6 (Prop_lut6_I2_O)        0.045     1.828 r  u_time/hour[4]_i_1/O
                         net (fo=1, routed)           0.000     1.828    u_time/hour[4]_i_1_n_0
    SLICE_X78Y72         FDRE                                         r  u_time/hour_reg[4]/D
  -------------------------------------------------------------------    -------------------

                         (clock sys_clk rise edge)    0.000     0.000 r  
    Y18                                               0.000     0.000 r  clk (IN)
                         net (fo=0)                   0.000     0.000    clk
    Y18                  IBUF (Prop_ibuf_I_O)         0.501     0.501 r  clk_IBUF_inst/O
                         net (fo=1, routed)           0.695     1.195    clk_IBUF
    BUFGCTRL_X0Y0        BUFG (Prop_bufg_I_O)         0.029     1.224 r  clk_IBUF_BUFG_inst/O
                         net (fo=391, routed)         0.857     2.081    u_time/clk_IBUF_BUFG
    SLICE_X78Y72         FDRE                                         r  u_time/hour_reg[4]/C
                         clock pessimism             -0.502     1.579    
    SLICE_X78Y72         FDRE (Hold_fdre_C_D)         0.121     1.700    u_time/hour_reg[4]
  -------------------------------------------------------------------
                         required time                         -1.700    
                         arrival time                           1.828    
  -------------------------------------------------------------------
                         slack                                  0.129    

Slack (MET) :             0.170ns  (arrival time - required time)
  Source:                 u_key_driver/stable_reg[0]/C
                            (rising edge-triggered cell FDSE clocked by sys_clk  {rise@0.000ns fall@10.000ns period=20.000ns})
  Destination:            u_key_driver/key_pulse_reg[0]/D
                            (rising edge-triggered cell FDRE clocked by sys_clk  {rise@0.000ns fall@10.000ns period=20.000ns})
  Path Group:             sys_clk
  Path Type:              Hold (Min at Fast Process Corner)
  Requirement:            0.000ns  (sys_clk rise@0.000ns - sys_clk rise@0.000ns)
  Data Path Delay:        0.305ns  (logic 0.186ns (60.984%)  route 0.119ns (39.016%))
  Logic Levels:           1  (LUT4=1)
  Clock Path Skew:        0.015ns (DCD - SCD - CPR)
    Destination Clock Delay (DCD):    2.087ns
    Source Clock Delay      (SCD):    1.569ns
    Clock Pessimism Removal (CPR):    0.503ns

    Location             Delay type                Incr(ns)  Path(ns)    Netlist Resource(s)
  -------------------------------------------------------------------    -------------------
                         (clock sys_clk rise edge)    0.000     0.000 r  
    Y18                                               0.000     0.000 r  clk (IN)
                         net (fo=0)                   0.000     0.000    clk
    Y18                  IBUF (Prop_ibuf_I_O)         0.312     0.312 r  clk_IBUF_inst/O
                         net (fo=1, routed)           0.640     0.952    clk_IBUF
    BUFGCTRL_X0Y0        BUFG (Prop_bufg_I_O)         0.026     0.978 r  clk_IBUF_BUFG_inst/O
                         net (fo=391, routed)         0.591     1.569    u_key_driver/clk_IBUF_BUFG
    SLICE_X75Y64         FDSE                                         r  u_key_driver/stable_reg[0]/C
  -------------------------------------------------------------------    -------------------
    SLICE_X75Y64         FDSE (Prop_fdse_C_Q)         0.141     1.710 r  u_key_driver/stable_reg[0]/Q
                         net (fo=3, routed)           0.119     1.829    u_key_driver/stable_reg_n_0_[0]
    SLICE_X76Y64         LUT4 (Prop_lut4_I2_O)        0.045     1.874 r  u_key_driver/key_pulse[0]_i_1/O
                         net (fo=1, routed)           0.000     1.874    u_key_driver/key_pulse[0]_i_1_n_0
    SLICE_X76Y64         FDRE                                         r  u_key_driver/key_pulse_reg[0]/D
  -------------------------------------------------------------------    -------------------

                         (clock sys_clk rise edge)    0.000     0.000 r  
    Y18                                               0.000     0.000 r  clk (IN)
                         net (fo=0)                   0.000     0.000    clk
    Y18                  IBUF (Prop_ibuf_I_O)         0.501     0.501 r  clk_IBUF_inst/O
                         net (fo=1, routed)           0.695     1.195    clk_IBUF
    BUFGCTRL_X0Y0        BUFG (Prop_bufg_I_O)         0.029     1.224 r  clk_IBUF_BUFG_inst/O
                         net (fo=391, routed)         0.863     2.087    u_key_driver/clk_IBUF_BUFG
    SLICE_X76Y64         FDRE                                         r  u_key_driver/key_pulse_reg[0]/C
                         clock pessimism             -0.503     1.584    
    SLICE_X76Y64         FDRE (Hold_fdre_C_D)         0.120     1.704    u_key_driver/key_pulse_reg[0]
  -------------------------------------------------------------------
                         required time                         -1.704    
                         arrival time                           1.874    
  -------------------------------------------------------------------
                         slack                                  0.170    

Slack (MET) :             0.172ns  (arrival time - required time)
  Source:                 u_alarm/alarm_hour2_reg[1]/C
                            (rising edge-triggered cell FDSE clocked by sys_clk  {rise@0.000ns fall@10.000ns period=20.000ns})
  Destination:            u_alarm/alarm_hour2_reg[2]/D
                            (rising edge-triggered cell FDRE clocked by sys_clk  {rise@0.000ns fall@10.000ns period=20.000ns})
  Path Group:             sys_clk
  Path Type:              Hold (Min at Fast Process Corner)
  Requirement:            0.000ns  (sys_clk rise@0.000ns - sys_clk rise@0.000ns)
  Data Path Delay:        0.305ns  (logic 0.186ns (61.033%)  route 0.119ns (38.967%))
  Logic Levels:           1  (LUT4=1)
  Clock Path Skew:        0.013ns (DCD - SCD - CPR)
    Destination Clock Delay (DCD):    2.081ns
    Source Clock Delay      (SCD):    1.566ns
    Clock Pessimism Removal (CPR):    0.502ns

    Location             Delay type                Incr(ns)  Path(ns)    Netlist Resource(s)
  -------------------------------------------------------------------    -------------------
                         (clock sys_clk rise edge)    0.000     0.000 r  
    Y18                                               0.000     0.000 r  clk (IN)
                         net (fo=0)                   0.000     0.000    clk
    Y18                  IBUF (Prop_ibuf_I_O)         0.312     0.312 r  clk_IBUF_inst/O
                         net (fo=1, routed)           0.640     0.952    clk_IBUF
    BUFGCTRL_X0Y0        BUFG (Prop_bufg_I_O)         0.026     0.978 r  clk_IBUF_BUFG_inst/O
                         net (fo=391, routed)         0.588     1.566    u_alarm/clk_IBUF_BUFG
    SLICE_X81Y73         FDSE                                         r  u_alarm/alarm_hour2_reg[1]/C
  -------------------------------------------------------------------    -------------------
    SLICE_X81Y73         FDSE (Prop_fdse_C_Q)         0.141     1.707 r  u_alarm/alarm_hour2_reg[1]/Q
                         net (fo=9, routed)           0.119     1.826    u_alarm/alarm_hour2_reg[5]_0[1]
    SLICE_X80Y73         LUT4 (Prop_lut4_I1_O)        0.045     1.871 r  u_alarm/alarm_hour2[2]_i_1/O
                         net (fo=1, routed)           0.000     1.871    u_alarm/alarm_hour2[2]_i_1_n_0
    SLICE_X80Y73         FDRE                                         r  u_alarm/alarm_hour2_reg[2]/D
  -------------------------------------------------------------------    -------------------

                         (clock sys_clk rise edge)    0.000     0.000 r  
    Y18                                               0.000     0.000 r  clk (IN)
                         net (fo=0)                   0.000     0.000    clk
    Y18                  IBUF (Prop_ibuf_I_O)         0.501     0.501 r  clk_IBUF_inst/O
                         net (fo=1, routed)           0.695     1.195    clk_IBUF
    BUFGCTRL_X0Y0        BUFG (Prop_bufg_I_O)         0.029     1.224 r  clk_IBUF_BUFG_inst/O
                         net (fo=391, routed)         0.857     2.081    u_alarm/clk_IBUF_BUFG
    SLICE_X80Y73         FDRE                                         r  u_alarm/alarm_hour2_reg[2]/C
                         clock pessimism             -0.502     1.579    
    SLICE_X80Y73         FDRE (Hold_fdre_C_D)         0.120     1.699    u_alarm/alarm_hour2_reg[2]
  -------------------------------------------------------------------
                         required time                         -1.699    
                         arrival time                           1.871    
  -------------------------------------------------------------------
                         slack                                  0.172    

Slack (MET) :             0.208ns  (arrival time - required time)
  Source:                 u_key_driver/stable_reg[3]/C
                            (rising edge-triggered cell FDSE clocked by sys_clk  {rise@0.000ns fall@10.000ns period=20.000ns})
  Destination:            u_key_driver/key_pulse_reg[3]/D
                            (rising edge-triggered cell FDRE clocked by sys_clk  {rise@0.000ns fall@10.000ns period=20.000ns})
  Path Group:             sys_clk
  Path Type:              Hold (Min at Fast Process Corner)
  Requirement:            0.000ns  (sys_clk rise@0.000ns - sys_clk rise@0.000ns)
  Data Path Delay:        0.312ns  (logic 0.209ns (66.885%)  route 0.103ns (33.115%))
  Logic Levels:           1  (LUT4=1)
  Clock Path Skew:        0.013ns (DCD - SCD - CPR)
    Destination Clock Delay (DCD):    2.096ns
    Source Clock Delay      (SCD):    1.579ns
    Clock Pessimism Removal (CPR):    0.504ns

    Location             Delay type                Incr(ns)  Path(ns)    Netlist Resource(s)
  -------------------------------------------------------------------    -------------------
                         (clock sys_clk rise edge)    0.000     0.000 r  
    Y18                                               0.000     0.000 r  clk (IN)
                         net (fo=0)                   0.000     0.000    clk
    Y18                  IBUF (Prop_ibuf_I_O)         0.312     0.312 r  clk_IBUF_inst/O
                         net (fo=1, routed)           0.640     0.952    clk_IBUF
    BUFGCTRL_X0Y0        BUFG (Prop_bufg_I_O)         0.026     0.978 r  clk_IBUF_BUFG_inst/O
                         net (fo=391, routed)         0.601     1.579    u_key_driver/clk_IBUF_BUFG
    SLICE_X88Y63         FDSE                                         r  u_key_driver/stable_reg[3]/C
  -------------------------------------------------------------------    -------------------
    SLICE_X88Y63         FDSE (Prop_fdse_C_Q)         0.164     1.743 r  u_key_driver/stable_reg[3]/Q
                         net (fo=3, routed)           0.103     1.846    u_key_driver/p_0_in
    SLICE_X89Y63         LUT4 (Prop_lut4_I2_O)        0.045     1.891 r  u_key_driver/key_pulse[3]_i_1/O
                         net (fo=1, routed)           0.000     1.891    u_key_driver/key_pulse[3]_i_1_n_0
    SLICE_X89Y63         FDRE                                         r  u_key_driver/key_pulse_reg[3]/D
  -------------------------------------------------------------------    -------------------

                         (clock sys_clk rise edge)    0.000     0.000 r  
    Y18                                               0.000     0.000 r  clk (IN)
                         net (fo=0)                   0.000     0.000    clk
    Y18                  IBUF (Prop_ibuf_I_O)         0.501     0.501 r  clk_IBUF_inst/O
                         net (fo=1, routed)           0.695     1.195    clk_IBUF
    BUFGCTRL_X0Y0        BUFG (Prop_bufg_I_O)         0.029     1.224 r  clk_IBUF_BUFG_inst/O
                         net (fo=391, routed)         0.872     2.096    u_key_driver/clk_IBUF_BUFG
    SLICE_X89Y63         FDRE                                         r  u_key_driver/key_pulse_reg[3]/C
                         clock pessimism             -0.504     1.592    
    SLICE_X89Y63         FDRE (Hold_fdre_C_D)         0.091     1.683    u_key_driver/key_pulse_reg[3]
  -------------------------------------------------------------------
                         required time                         -1.683    
                         arrival time                           1.891    
  -------------------------------------------------------------------
                         slack                                  0.208    

Slack (MET) :             0.209ns  (arrival time - required time)
  Source:                 u_time/hour_reg[4]/C
                            (rising edge-triggered cell FDRE clocked by sys_clk  {rise@0.000ns fall@10.000ns period=20.000ns})
  Destination:            u_time/hour_reg[5]/D
                            (rising edge-triggered cell FDRE clocked by sys_clk  {rise@0.000ns fall@10.000ns period=20.000ns})
  Path Group:             sys_clk
  Path Type:              Hold (Min at Fast Process Corner)
  Requirement:            0.000ns  (sys_clk rise@0.000ns - sys_clk rise@0.000ns)
  Data Path Delay:        0.314ns  (logic 0.209ns (66.542%)  route 0.105ns (33.458%))
  Logic Levels:           1  (LUT6=1)
  Clock Path Skew:        0.013ns (DCD - SCD - CPR)
    Destination Clock Delay (DCD):    2.081ns
    Source Clock Delay      (SCD):    1.566ns
    Clock Pessimism Removal (CPR):    0.502ns

    Location             Delay type                Incr(ns)  Path(ns)    Netlist Resource(s)
  -------------------------------------------------------------------    -------------------
                         (clock sys_clk rise edge)    0.000     0.000 r  
    Y18                                               0.000     0.000 r  clk (IN)
                         net (fo=0)                   0.000     0.000    clk
    Y18                  IBUF (Prop_ibuf_I_O)         0.312     0.312 r  clk_IBUF_inst/O
                         net (fo=1, routed)           0.640     0.952    clk_IBUF
    BUFGCTRL_X0Y0        BUFG (Prop_bufg_I_O)         0.026     0.978 r  clk_IBUF_BUFG_inst/O
                         net (fo=391, routed)         0.588     1.566    u_time/clk_IBUF_BUFG
    SLICE_X78Y72         FDRE                                         r  u_time/hour_reg[4]/C
  -------------------------------------------------------------------    -------------------
    SLICE_X78Y72         FDRE (Prop_fdre_C_Q)         0.164     1.730 r  u_time/hour_reg[4]/Q
                         net (fo=13, routed)          0.105     1.835    u_time/Q[2]
    SLICE_X79Y72         LUT6 (Prop_lut6_I3_O)        0.045     1.880 r  u_time/hour[5]_i_2/O
                         net (fo=1, routed)           0.000     1.880    u_time/hour[5]_i_2_n_0
    SLICE_X79Y72         FDRE                                         r  u_time/hour_reg[5]/D
  -------------------------------------------------------------------    -------------------

                         (clock sys_clk rise edge)    0.000     0.000 r  
    Y18                                               0.000     0.000 r  clk (IN)
                         net (fo=0)                   0.000     0.000    clk
    Y18                  IBUF (Prop_ibuf_I_O)         0.501     0.501 r  clk_IBUF_inst/O
                         net (fo=1, routed)           0.695     1.195    clk_IBUF
    BUFGCTRL_X0Y0        BUFG (Prop_bufg_I_O)         0.029     1.224 r  clk_IBUF_BUFG_inst/O
                         net (fo=391, routed)         0.857     2.081    u_time/clk_IBUF_BUFG
    SLICE_X79Y72         FDRE                                         r  u_time/hour_reg[5]/C
                         clock pessimism             -0.502     1.579    
    SLICE_X79Y72         FDRE (Hold_fdre_C_D)         0.092     1.671    u_time/hour_reg[5]
  -------------------------------------------------------------------
                         required time                         -1.671    
                         arrival time                           1.880    
  -------------------------------------------------------------------
                         slack                                  0.209    

Slack (MET) :             0.212ns  (arrival time - required time)
  Source:                 u_key_driver/debounce_count_reg[1][9]/C
                            (rising edge-triggered cell FDRE clocked by sys_clk  {rise@0.000ns fall@10.000ns period=20.000ns})
  Destination:            u_key_driver/key_pulse_reg[1]/D
                            (rising edge-triggered cell FDRE clocked by sys_clk  {rise@0.000ns fall@10.000ns period=20.000ns})
  Path Group:             sys_clk
  Path Type:              Hold (Min at Fast Process Corner)
  Requirement:            0.000ns  (sys_clk rise@0.000ns - sys_clk rise@0.000ns)
  Data Path Delay:        0.346ns  (logic 0.186ns (53.710%)  route 0.160ns (46.290%))
  Logic Levels:           1  (LUT6=1)
  Clock Path Skew:        0.013ns (DCD - SCD - CPR)
    Destination Clock Delay (DCD):    2.087ns
    Source Clock Delay      (SCD):    1.569ns
    Clock Pessimism Removal (CPR):    0.505ns

    Location             Delay type                Incr(ns)  Path(ns)    Netlist Resource(s)
  -------------------------------------------------------------------    -------------------
                         (clock sys_clk rise edge)    0.000     0.000 r  
    Y18                                               0.000     0.000 r  clk (IN)
                         net (fo=0)                   0.000     0.000    clk
    Y18                  IBUF (Prop_ibuf_I_O)         0.312     0.312 r  clk_IBUF_inst/O
                         net (fo=1, routed)           0.640     0.952    clk_IBUF
    BUFGCTRL_X0Y0        BUFG (Prop_bufg_I_O)         0.026     0.978 r  clk_IBUF_BUFG_inst/O
                         net (fo=391, routed)         0.591     1.569    u_key_driver/clk_IBUF_BUFG
    SLICE_X77Y63         FDRE                                         r  u_key_driver/debounce_count_reg[1][9]/C
  -------------------------------------------------------------------    -------------------
    SLICE_X77Y63         FDRE (Prop_fdre_C_Q)         0.141     1.710 f  u_key_driver/debounce_count_reg[1][9]/Q
                         net (fo=4, routed)           0.160     1.870    u_key_driver/debounce_count_reg[1]_1[9]
    SLICE_X76Y63         LUT6 (Prop_lut6_I4_O)        0.045     1.915 r  u_key_driver/key_pulse[1]_i_1/O
                         net (fo=1, routed)           0.000     1.915    u_key_driver/key_pulse[1]_i_1_n_0
    SLICE_X76Y63         FDRE                                         r  u_key_driver/key_pulse_reg[1]/D
  -------------------------------------------------------------------    -------------------

                         (clock sys_clk rise edge)    0.000     0.000 r  
    Y18                                               0.000     0.000 r  clk (IN)
                         net (fo=0)                   0.000     0.000    clk
    Y18                  IBUF (Prop_ibuf_I_O)         0.501     0.501 r  clk_IBUF_inst/O
                         net (fo=1, routed)           0.695     1.195    clk_IBUF
    BUFGCTRL_X0Y0        BUFG (Prop_bufg_I_O)         0.029     1.224 r  clk_IBUF_BUFG_inst/O
                         net (fo=391, routed)         0.863     2.087    u_key_driver/clk_IBUF_BUFG
    SLICE_X76Y63         FDRE                                         r  u_key_driver/key_pulse_reg[1]/C
                         clock pessimism             -0.505     1.582    
    SLICE_X76Y63         FDRE (Hold_fdre_C_D)         0.121     1.703    u_key_driver/key_pulse_reg[1]
  -------------------------------------------------------------------
                         required time                         -1.703    
                         arrival time                           1.915    
  -------------------------------------------------------------------
                         slack                                  0.212    

Slack (MET) :             0.217ns  (arrival time - required time)
  Source:                 u_alarm/alarm_hour1_reg[4]/C
                            (rising edge-triggered cell FDRE clocked by sys_clk  {rise@0.000ns fall@10.000ns period=20.000ns})
  Destination:            u_alarm/alarm_hour1_reg[4]/D
                            (rising edge-triggered cell FDRE clocked by sys_clk  {rise@0.000ns fall@10.000ns period=20.000ns})
  Path Group:             sys_clk
  Path Type:              Hold (Min at Fast Process Corner)
  Requirement:            0.000ns  (sys_clk rise@0.000ns - sys_clk rise@0.000ns)
  Data Path Delay:        0.309ns  (logic 0.186ns (60.116%)  route 0.123ns (39.884%))
  Logic Levels:           1  (LUT6=1)
  Clock Path Skew:        0.000ns (DCD - SCD - CPR)
    Destination Clock Delay (DCD):    2.078ns
    Source Clock Delay      (SCD):    1.563ns
    Clock Pessimism Removal (CPR):    0.515ns

    Location             Delay type                Incr(ns)  Path(ns)    Netlist Resource(s)
  -------------------------------------------------------------------    -------------------
                         (clock sys_clk rise edge)    0.000     0.000 r  
    Y18                                               0.000     0.000 r  clk (IN)
                         net (fo=0)                   0.000     0.000    clk
    Y18                  IBUF (Prop_ibuf_I_O)         0.312     0.312 r  clk_IBUF_inst/O
                         net (fo=1, routed)           0.640     0.952    clk_IBUF
    BUFGCTRL_X0Y0        BUFG (Prop_bufg_I_O)         0.026     0.978 r  clk_IBUF_BUFG_inst/O
                         net (fo=391, routed)         0.585     1.563    u_alarm/clk_IBUF_BUFG
    SLICE_X79Y75         FDRE                                         r  u_alarm/alarm_hour1_reg[4]/C
  -------------------------------------------------------------------    -------------------
    SLICE_X79Y75         FDRE (Prop_fdre_C_Q)         0.141     1.704 r  u_alarm/alarm_hour1_reg[4]/Q
                         net (fo=9, routed)           0.123     1.827    u_alarm/alarm_hour1[4]
    SLICE_X79Y75         LUT6 (Prop_lut6_I3_O)        0.045     1.872 r  u_alarm/alarm_hour1[4]_i_1/O
                         net (fo=1, routed)           0.000     1.872    u_alarm/alarm_hour1[4]_i_1_n_0
    SLICE_X79Y75         FDRE                                         r  u_alarm/alarm_hour1_reg[4]/D
  -------------------------------------------------------------------    -------------------

                         (clock sys_clk rise edge)    0.000     0.000 r  
    Y18                                               0.000     0.000 r  clk (IN)
                         net (fo=0)                   0.000     0.000    clk
    Y18                  IBUF (Prop_ibuf_I_O)         0.501     0.501 r  clk_IBUF_inst/O
                         net (fo=1, routed)           0.695     1.195    clk_IBUF
    BUFGCTRL_X0Y0        BUFG (Prop_bufg_I_O)         0.029     1.224 r  clk_IBUF_BUFG_inst/O
                         net (fo=391, routed)         0.854     2.078    u_alarm/clk_IBUF_BUFG
    SLICE_X79Y75         FDRE                                         r  u_alarm/alarm_hour1_reg[4]/C
                         clock pessimism             -0.515     1.563    
    SLICE_X79Y75         FDRE (Hold_fdre_C_D)         0.092     1.655    u_alarm/alarm_hour1_reg[4]
  -------------------------------------------------------------------
                         required time                         -1.655    
                         arrival time                           1.872    
  -------------------------------------------------------------------
                         slack                                  0.217    

Slack (MET) :             0.224ns  (arrival time - required time)
  Source:                 u_alarm/alarm_hour1_reg[4]/C
                            (rising edge-triggered cell FDRE clocked by sys_clk  {rise@0.000ns fall@10.000ns period=20.000ns})
  Destination:            u_alarm/alarm_hour1_reg[3]/D
                            (rising edge-triggered cell FDSE clocked by sys_clk  {rise@0.000ns fall@10.000ns period=20.000ns})
  Path Group:             sys_clk
  Path Type:              Hold (Min at Fast Process Corner)
  Requirement:            0.000ns  (sys_clk rise@0.000ns - sys_clk rise@0.000ns)
  Data Path Delay:        0.382ns  (logic 0.186ns (48.676%)  route 0.196ns (51.324%))
  Logic Levels:           1  (LUT6=1)
  Clock Path Skew:        0.037ns (DCD - SCD - CPR)
    Destination Clock Delay (DCD):    2.080ns
    Source Clock Delay      (SCD):    1.563ns
    Clock Pessimism Removal (CPR):    0.480ns

    Location             Delay type                Incr(ns)  Path(ns)    Netlist Resource(s)
  -------------------------------------------------------------------    -------------------
                         (clock sys_clk rise edge)    0.000     0.000 r  
    Y18                                               0.000     0.000 r  clk (IN)
                         net (fo=0)                   0.000     0.000    clk
    Y18                  IBUF (Prop_ibuf_I_O)         0.312     0.312 r  clk_IBUF_inst/O
                         net (fo=1, routed)           0.640     0.952    clk_IBUF
    BUFGCTRL_X0Y0        BUFG (Prop_bufg_I_O)         0.026     0.978 r  clk_IBUF_BUFG_inst/O
                         net (fo=391, routed)         0.585     1.563    u_alarm/clk_IBUF_BUFG
    SLICE_X79Y75         FDRE                                         r  u_alarm/alarm_hour1_reg[4]/C
  -------------------------------------------------------------------    -------------------
    SLICE_X79Y75         FDRE (Prop_fdre_C_Q)         0.141     1.704 r  u_alarm/alarm_hour1_reg[4]/Q
                         net (fo=9, routed)           0.196     1.900    u_alarm/alarm_hour1[4]
    SLICE_X80Y75         LUT6 (Prop_lut6_I2_O)        0.045     1.945 r  u_alarm/alarm_hour1[3]_i_1/O
                         net (fo=1, routed)           0.000     1.945    u_alarm/alarm_hour1[3]_i_1_n_0
    SLICE_X80Y75         FDSE                                         r  u_alarm/alarm_hour1_reg[3]/D
  -------------------------------------------------------------------    -------------------

                         (clock sys_clk rise edge)    0.000     0.000 r  
    Y18                                               0.000     0.000 r  clk (IN)
                         net (fo=0)                   0.000     0.000    clk
    Y18                  IBUF (Prop_ibuf_I_O)         0.501     0.501 r  clk_IBUF_inst/O
                         net (fo=1, routed)           0.695     1.195    clk_IBUF
    BUFGCTRL_X0Y0        BUFG (Prop_bufg_I_O)         0.029     1.224 r  clk_IBUF_BUFG_inst/O
                         net (fo=391, routed)         0.856     2.080    u_alarm/clk_IBUF_BUFG
    SLICE_X80Y75         FDSE                                         r  u_alarm/alarm_hour1_reg[3]/C
                         clock pessimism             -0.480     1.600    
    SLICE_X80Y75         FDSE (Hold_fdse_C_D)         0.121     1.721    u_alarm/alarm_hour1_reg[3]
  -------------------------------------------------------------------
                         required time                         -1.721    
                         arrival time                           1.945    
  -------------------------------------------------------------------
                         slack                                  0.224    

Slack (MET) :             0.229ns  (arrival time - required time)
  Source:                 u_alarm/alarm_hour2_reg[3]/C
                            (rising edge-triggered cell FDRE clocked by sys_clk  {rise@0.000ns fall@10.000ns period=20.000ns})
  Destination:            u_alarm/alarm_hour2_reg[4]/D
                            (rising edge-triggered cell FDSE clocked by sys_clk  {rise@0.000ns fall@10.000ns period=20.000ns})
  Path Group:             sys_clk
  Path Type:              Hold (Min at Fast Process Corner)
  Requirement:            0.000ns  (sys_clk rise@0.000ns - sys_clk rise@0.000ns)
  Data Path Delay:        0.334ns  (logic 0.186ns (55.692%)  route 0.148ns (44.308%))
  Logic Levels:           1  (LUT6=1)
  Clock Path Skew:        0.014ns (DCD - SCD - CPR)
    Destination Clock Delay (DCD):    2.077ns
    Source Clock Delay      (SCD):    1.560ns
    Clock Pessimism Removal (CPR):    0.503ns

    Location             Delay type                Incr(ns)  Path(ns)    Netlist Resource(s)
  -------------------------------------------------------------------    -------------------
                         (clock sys_clk rise edge)    0.000     0.000 r  
    Y18                                               0.000     0.000 r  clk (IN)
                         net (fo=0)                   0.000     0.000    clk
    Y18                  IBUF (Prop_ibuf_I_O)         0.312     0.312 r  clk_IBUF_inst/O
                         net (fo=1, routed)           0.640     0.952    clk_IBUF
    BUFGCTRL_X0Y0        BUFG (Prop_bufg_I_O)         0.026     0.978 r  clk_IBUF_BUFG_inst/O
                         net (fo=391, routed)         0.582     1.560    u_alarm/clk_IBUF_BUFG
    SLICE_X77Y74         FDRE                                         r  u_alarm/alarm_hour2_reg[3]/C
  -------------------------------------------------------------------    -------------------
    SLICE_X77Y74         FDRE (Prop_fdre_C_Q)         0.141     1.701 r  u_alarm/alarm_hour2_reg[3]/Q
                         net (fo=10, routed)          0.148     1.849    u_alarm/alarm_hour2_reg[5]_0[3]
    SLICE_X77Y73         LUT6 (Prop_lut6_I5_O)        0.045     1.894 r  u_alarm/alarm_hour2[4]_i_1/O
                         net (fo=1, routed)           0.000     1.894    u_alarm/alarm_hour2[4]_i_1_n_0
    SLICE_X77Y73         FDSE                                         r  u_alarm/alarm_hour2_reg[4]/D
  -------------------------------------------------------------------    -------------------

                         (clock sys_clk rise edge)    0.000     0.000 r  
    Y18                                               0.000     0.000 r  clk (IN)
                         net (fo=0)                   0.000     0.000    clk
    Y18                  IBUF (Prop_ibuf_I_O)         0.501     0.501 r  clk_IBUF_inst/O
                         net (fo=1, routed)           0.695     1.195    clk_IBUF
    BUFGCTRL_X0Y0        BUFG (Prop_bufg_I_O)         0.029     1.224 r  clk_IBUF_BUFG_inst/O
                         net (fo=391, routed)         0.853     2.077    u_alarm/clk_IBUF_BUFG
    SLICE_X77Y73         FDSE                                         r  u_alarm/alarm_hour2_reg[4]/C
                         clock pessimism             -0.503     1.574    
    SLICE_X77Y73         FDSE (Hold_fdse_C_D)         0.091     1.665    u_alarm/alarm_hour2_reg[4]
  -------------------------------------------------------------------
                         required time                         -1.665    
                         arrival time                           1.894    
  -------------------------------------------------------------------
                         slack                                  0.229    

Slack (MET) :             0.238ns  (arrival time - required time)
  Source:                 u_alarm/alarm_trigger_reg/C
                            (rising edge-triggered cell FDRE clocked by sys_clk  {rise@0.000ns fall@10.000ns period=20.000ns})
  Destination:            u_alarm/phase_count_reg[2]/D
                            (rising edge-triggered cell FDRE clocked by sys_clk  {rise@0.000ns fall@10.000ns period=20.000ns})
  Path Group:             sys_clk
  Path Type:              Hold (Min at Fast Process Corner)
  Requirement:            0.000ns  (sys_clk rise@0.000ns - sys_clk rise@0.000ns)
  Data Path Delay:        0.358ns  (logic 0.212ns (59.180%)  route 0.146ns (40.820%))
  Logic Levels:           1  (LUT5=1)
  Clock Path Skew:        0.013ns (DCD - SCD - CPR)
    Destination Clock Delay (DCD):    2.091ns
    Source Clock Delay      (SCD):    1.575ns
    Clock Pessimism Removal (CPR):    0.503ns

    Location             Delay type                Incr(ns)  Path(ns)    Netlist Resource(s)
  -------------------------------------------------------------------    -------------------
                         (clock sys_clk rise edge)    0.000     0.000 r  
    Y18                                               0.000     0.000 r  clk (IN)
                         net (fo=0)                   0.000     0.000    clk
    Y18                  IBUF (Prop_ibuf_I_O)         0.312     0.312 r  clk_IBUF_inst/O
                         net (fo=1, routed)           0.640     0.952    clk_IBUF
    BUFGCTRL_X0Y0        BUFG (Prop_bufg_I_O)         0.026     0.978 r  clk_IBUF_BUFG_inst/O
                         net (fo=391, routed)         0.597     1.575    u_alarm/clk_IBUF_BUFG
    SLICE_X84Y68         FDRE                                         r  u_alarm/alarm_trigger_reg/C
  -------------------------------------------------------------------    -------------------
    SLICE_X84Y68         FDRE (Prop_fdre_C_Q)         0.164     1.739 f  u_alarm/alarm_trigger_reg/Q
                         net (fo=17, routed)          0.146     1.885    u_alarm/alarm_trigger
    SLICE_X85Y68         LUT5 (Prop_lut5_I4_O)        0.048     1.933 r  u_alarm/phase_count[2]_i_1/O
                         net (fo=1, routed)           0.000     1.933    u_alarm/p_1_in[2]
    SLICE_X85Y68         FDRE                                         r  u_alarm/phase_count_reg[2]/D
  -------------------------------------------------------------------    -------------------

                         (clock sys_clk rise edge)    0.000     0.000 r  
    Y18                                               0.000     0.000 r  clk (IN)
                         net (fo=0)                   0.000     0.000    clk
    Y18                  IBUF (Prop_ibuf_I_O)         0.501     0.501 r  clk_IBUF_inst/O
                         net (fo=1, routed)           0.695     1.195    clk_IBUF
    BUFGCTRL_X0Y0        BUFG (Prop_bufg_I_O)         0.029     1.224 r  clk_IBUF_BUFG_inst/O
                         net (fo=391, routed)         0.867     2.091    u_alarm/clk_IBUF_BUFG
    SLICE_X85Y68         FDRE                                         r  u_alarm/phase_count_reg[2]/C
                         clock pessimism             -0.503     1.588    
    SLICE_X85Y68         FDRE (Hold_fdre_C_D)         0.107     1.695    u_alarm/phase_count_reg[2]
  -------------------------------------------------------------------
                         required time                         -1.695    
                         arrival time                           1.933    
  -------------------------------------------------------------------
                         slack                                  0.238    





Pulse Width Checks
--------------------------------------------------------------------------------------
Clock Name:         sys_clk
Waveform(ns):       { 0.000 10.000 }
Period(ns):         20.000
Sources:            { clk }

Check Type        Corner  Lib Pin  Reference Pin  Required(ns)  Actual(ns)  Slack(ns)  Location       Pin
Min Period        n/a     BUFG/I   n/a            1.592         20.000      18.408     BUFGCTRL_X0Y0  clk_IBUF_BUFG_inst/I
Min Period        n/a     FDRE/C   n/a            1.000         20.000      19.000     SLICE_X72Y71   power_on_count_reg[0]/C
Min Period        n/a     FDRE/C   n/a            1.000         20.000      19.000     SLICE_X72Y73   power_on_count_reg[10]/C
Min Period        n/a     FDRE/C   n/a            1.000         20.000      19.000     SLICE_X72Y73   power_on_count_reg[11]/C
Min Period        n/a     FDRE/C   n/a            1.000         20.000      19.000     SLICE_X72Y74   power_on_count_reg[12]/C
Min Period        n/a     FDRE/C   n/a            1.000         20.000      19.000     SLICE_X72Y74   power_on_count_reg[13]/C
Min Period        n/a     FDRE/C   n/a            1.000         20.000      19.000     SLICE_X72Y74   power_on_count_reg[14]/C
Min Period        n/a     FDRE/C   n/a            1.000         20.000      19.000     SLICE_X72Y74   power_on_count_reg[15]/C
Min Period        n/a     FDRE/C   n/a            1.000         20.000      19.000     SLICE_X72Y75   power_on_count_reg[16]/C
Min Period        n/a     FDRE/C   n/a            1.000         20.000      19.000     SLICE_X72Y75   power_on_count_reg[17]/C
Low Pulse Width   Slow    FDRE/C   n/a            0.500         10.000      9.500      SLICE_X72Y71   power_on_count_reg[0]/C
Low Pulse Width   Fast    FDRE/C   n/a            0.500         10.000      9.500      SLICE_X72Y71   power_on_count_reg[0]/C
Low Pulse Width   Slow    FDRE/C   n/a            0.500         10.000      9.500      SLICE_X72Y73   power_on_count_reg[10]/C
Low Pulse Width   Fast    FDRE/C   n/a            0.500         10.000      9.500      SLICE_X72Y73   power_on_count_reg[10]/C
Low Pulse Width   Slow    FDRE/C   n/a            0.500         10.000      9.500      SLICE_X72Y73   power_on_count_reg[11]/C
Low Pulse Width   Fast    FDRE/C   n/a            0.500         10.000      9.500      SLICE_X72Y73   power_on_count_reg[11]/C
Low Pulse Width   Slow    FDRE/C   n/a            0.500         10.000      9.500      SLICE_X72Y74   power_on_count_reg[12]/C
Low Pulse Width   Fast    FDRE/C   n/a            0.500         10.000      9.500      SLICE_X72Y74   power_on_count_reg[12]/C
Low Pulse Width   Slow    FDRE/C   n/a            0.500         10.000      9.500      SLICE_X72Y74   power_on_count_reg[13]/C
Low Pulse Width   Fast    FDRE/C   n/a            0.500         10.000      9.500      SLICE_X72Y74   power_on_count_reg[13]/C
High Pulse Width  Slow    FDRE/C   n/a            0.500         10.000      9.500      SLICE_X72Y71   power_on_count_reg[0]/C
High Pulse Width  Fast    FDRE/C   n/a            0.500         10.000      9.500      SLICE_X72Y71   power_on_count_reg[0]/C
High Pulse Width  Slow    FDRE/C   n/a            0.500         10.000      9.500      SLICE_X72Y73   power_on_count_reg[10]/C
High Pulse Width  Fast    FDRE/C   n/a            0.500         10.000      9.500      SLICE_X72Y73   power_on_count_reg[10]/C
High Pulse Width  Slow    FDRE/C   n/a            0.500         10.000      9.500      SLICE_X72Y73   power_on_count_reg[11]/C
High Pulse Width  Fast    FDRE/C   n/a            0.500         10.000      9.500      SLICE_X72Y73   power_on_count_reg[11]/C
High Pulse Width  Slow    FDRE/C   n/a            0.500         10.000      9.500      SLICE_X72Y74   power_on_count_reg[12]/C
High Pulse Width  Fast    FDRE/C   n/a            0.500         10.000      9.500      SLICE_X72Y74   power_on_count_reg[12]/C
High Pulse Width  Slow    FDRE/C   n/a            0.500         10.000      9.500      SLICE_X72Y74   power_on_count_reg[13]/C
High Pulse Width  Fast    FDRE/C   n/a            0.500         10.000      9.500      SLICE_X72Y74   power_on_count_reg[13]/C



